Microchip MPLAB XC8 Compiler V2.00 ()

Linker command line:

-W-3 --edf=C:\Program Files (x86)\Microchip\xc8\v2.00\pic\dat\en_msgs.txt \
  -cs -h+dist/default/production\USB_Bootloader.production.sym \
  --cmf=dist/default/production\USB_Bootloader.production.cmf -z -Q18F47J53 \
  -oC:\Users\luke\AppData\Local\Temp\sfjk.2 --defsym=__MPLAB_BUILD=1 \
  -Mdist/default/production/USB_Bootloader.production.map -E1 -ver=XC8 \
  -ASTACK=04B2h-05ffh -pstack=STACK -ACODE=00h-08FFFh -ACONST=00h-08FFFh \
  -ASMALLCONST=0F00h-0FFFhx129 -AMEDIUMCONST=0F00h-08FFFh -ACOMRAM=01h-05Fh \
  -AABS1=00h-0EAFh -ABIGRAM=01h-0EAFh \
  -ARAM=060h-0FFh,0100h-01FFhx13,0E00h-0EAFh -ABANK0=060h-0FFh \
  -ABANK1=0100h-01FFh -ABANK2=0200h-02FFh -ABANK3=0300h-03FFh \
  -ABANK4=0400h-04FFh -ABANK5=0500h-05FFh -ABANK6=0600h-06FFh \
  -ABANK7=0700h-07FFh -ABANK8=0800h-08FFh -ABANK9=0900h-09FFh \
  -ABANK10=0A00h-0AFFh -ABANK11=0B00h-0BFFh -ABANK12=0C00h-0CFFh \
  -ABANK13=0D00h-0DFFh -ABANK14=0E00h-0EAFh \
  -ASFR=0EB0h-0EFFh,0F00h-0F5Fh,0F60h-0FFFh \
  -preset_vec=00h,intcode=08h,intcodelo=018h,powerup,init -pramtop=0F00h \
  -psmallconst=SMALLCONST -pmediumconst=MEDIUMCONST -pconst=CONST \
  -AFARRAM=00h-00h -ACONFIG=01FFF8h-01FFFFh -pconfig=CONFIG \
  -pjflash_buffer=01F800h \
  -prdata=COMRAM,nvrram=COMRAM,nvbit=COMRAM,rbss=COMRAM,rbit=COMRAM \
  -pfarbss=FARRAM,fardata=FARRAM,nvFARRAM=FARRAM \
  -pintsave_regs=BIGRAM,bigbss=BIGRAM,bigdata=BIGRAM -pbss=RAM \
  -pidata=CODE,irdata=CODE,ibigdata=CODE,ifardata=CODE -prparam=COMRAM \
  C:\Users\luke\AppData\Local\Temp\sfjk.o \
  dist/default/production\USB_Bootloader.production.o 

Object code version is 3.11

Machine type is 18F47J53

Call graph: (short form)




                Name                               Link     Load   Length Selector   Space Scale
C:\Users\luke\AppData\Local\Temp\sfjk.o
                init                                 1C       1C        4        C       0
                reset_vec                             0        0        4        0       0
                config                            1FFF8    1FFF8        8    1FFF8       0
dist/default/production\USB_Bootloader.production.o
                intcodelo                            18       18        4        C       0
                intcode                               8        8        4        4       0
                mediumconst                        8CCC     8CCC      334     4666       0
                text201                            40A4     40A4      102        C       0
                text200                            7AC4     7AC4        2     3C68       0
                text199                            594C     594C       98        C       0
                text198                            754A     754A       32        C       0
                text197                            6AF6     6AF6       5C        C       0
                text196                            6E0C     6E0C       56        C       0
                text195                            7870     7870       22        C       0
                text194                            61D0     61D0       78        C       0
                text193                            63A6     63A6       74        C       0
                text192                            7122     7122       48        C       0
                text191                            79EA     79EA        E     3C68       0
                text190                            7A72     7A72        A     3C68       0
                text189                            7A68     7A68        A     3C68       0
                text188                            7518     7518       32        C       0
                text187                            6158     6158       78        C       0
                text186                            6CB2     6CB2       58        C       0
                text185                            6C5A     6C5A       58        C       0
                text184                            5C2C     5C2C       90        C       0
                text183                            6FAA     6FAA       50        C       0
                text182                            68B2     68B2       64        C       0
                text181                            72B4     72B4       40        C       0
                text180                            6C02     6C02       58        C       0
                text179                            6248     6248       76        C       0
                text178                            6332     6332       74        C       0
                text177                            20EE     20EE      220        C       0
                text176                            5F62     5F62       82        C       0
                text175                            77E6     77E6       24        C       0
                text174                            50BA     50BA       C2        C       0
                text173                            517C     517C       C0        C       0
                text172                            5CBC     5CBC       8E        C       0
                text171                            684C     684C       66        C       0
                text170                            2E9C     2E9C      1BC        C       0
                text169                            656A     656A       6C        C       0
                text168                            6A9A     6A9A       5C        C       0
                text167                            6714     6714       6A        C       0
                text166                            66AA     66AA       6A        C       0
                text165                            6F08     6F08       52        C       0
                text164                            7ABE     7ABE        4     3C68       0
                text163                            5B9C     5B9C       90        C       0
                text162                            6640     6640       6A        C       0
                text161                            7ABA     7ABA        4     3C68       0
                text160                            5B0A     5B0A       92        C       0
                text159                            7A8C     7A8C        8     3C68       0
                text158                            7A84     7A84        8     3C68       0
                text157                            7A7C     7A7C        8     3C68       0
                text156                            6BAA     6BAA       58        C       0
                text155                            70DA     70DA       48        C       0
                text154                            765E     765E       2C        C       0
                text153                            7274     7274       40        C       0
                text152                            77C2     77C2       24        C       0
                text151                            6062     6062       7C        C       0
                text150                            4A7A     4A7A       CE        C       0
                text149                            5634     5634       A2        C       0
                text148                            7A5E     7A5E        A     3C68       0
                text147                            7AAC     7AAC        6     3C68       0
                text146                            799A     799A       12     3C68       0
                text145                            7A54     7A54        A     3C68       0
                text144                            7A4A     7A4A        A     3C68       0
                text143                            7AA6     7AA6        6     3C68       0
                text142                            7AA0     7AA0        6     3C68       0
                text141                            793A     793A       16     3C68       0
                text140                            7A40     7A40        A     3C68       0
                text139                            7A9A     7A9A        6     3C68       0
                text138                            7A36     7A36        A     3C68       0
                text137                            2722     2722      1EE        C       0
                text136                            5812     5812       9E        C       0
                text135                            768A     768A       2A        C       0
                text134                            523C     523C       B4        C       0
                text133                            64FC     64FC       6E        C       0
                text132                            7A94     7A94        6     3C68       0
                text131                            4720     4720       E2        C       0
                text130                            641A     641A       72        C       0
                text129                            1EC8     1EC8      226        C       0
                text128                            230E     230E      216        C       0
                text127                            42A6     42A6       F2        C       0
                text126                            5446     5446       A6        C       0
                text125                            7AB6     7AB6        4     3C68       0
                text124                            7908     7908       1A     3C68       0
                text123                            7988     7988       12     3C68       0
                text122                            7A2C     7A2C        A     3C68       0
                text121                            58B0     58B0       9C        C       0
                text120                            7778     7778       26        C       0
                text119                            74E6     74E6       32        C       0
                text118                            6978     6978       62        C       0
                text117                            3D90     3D90      108        C       0
                text116                            3F9E     3F9E      106        C       0
                text115                            463E     463E       E2        C       0
                text114                            2AEE     2AEE      1D8        C       0
                text113                            7048     7048       4A        C       0
                text112                            74B4     74B4       32        C       0
                text111                            7AB2     7AB2        4     3C68       0
                text110                            1226     1226      2B4        C       0
                text109                             49C      49C      3BE        C       0
                text108                            6916     6916       62        C       0
                text107                            3C7E     3C7E      112        C       0
                text106                            1C70     1C70      258        C       0
                text105                            7950     7950       14     3C68       0
                text104                            4C14     4C14       CC        C       0
                text103                            4DA8     4DA8       C8        C       0
                text102                            4F34     4F34       C4        C       0
                text101                            3B66     3B66      118        C       0
                text100                            6A3A     6A3A       60        C       0
                text99                             59E4     59E4       94        C       0
                text98                             7330     7330       3C        C       0
                text97                             7480     7480       34        C       0
                text96                             3E98     3E98      106        C       0
                text95                             79CC     79CC       10     3C68       0
                text94                             6DB6     6DB6       56        C       0
                text93                             6E62     6E62       54        C       0
                text92                             455C     455C       E2        C       0
                text91                             4FF8     4FF8       C2        C       0
                text90                             5DD6     5DD6       86        C       0
                text89                             1784     1784      284        C       0
                text88                             3900     3900      13A        C       0
                text87                             539C     539C       AA        C       0
                text86                             7632     7632       2C        C       0
                text85                             447A     447A       E2        C       0
                text84                             4398     4398       E2        C       0
                text83                             5774     5774       9E        C       0
                text82                             41A6     41A6      100        C       0
                text81                             5A78     5A78       92        C       0
                text80                             52F0     52F0       AC        C       0
                text79                             37B2     37B2      14E        C       0
                text78                             784E     784E       22        C       0
                text77                             716A     716A       44        C       0
                text76                             757C     757C       30        C       0
                text75                             73DE     73DE       38        C       0
                text74                             31EE     31EE      180        C       0
                text73                             7A22     7A22        A     3C68       0
                text72                             7A18     7A18        A     3C68       0
                text71                             7A0E     7A0E        A     3C68       0
                text70                             5D4A     5D4A       8C        C       0
                text69                             6F5A     6F5A       50        C       0
                text68                             6B52     6B52       58        C       0
                text67                             56D6     56D6       9E        C       0
                text66                             4802     4802       DA        C       0
                text65                             75AC     75AC       2E        C       0
                text64                             69DA     69DA       60        C       0
                text63                             7704     7704       28        C       0
                text62                             744C     744C       34        C       0
                text61                             7A04     7A04        A     3C68       0
                text60                             78EC     78EC       1C     3C68       0
                text59                             7416     7416       36        C       0
                text58                             7232     7232       42        C       0
                text57                             5FE4     5FE4       7E        C       0
                text56                             7606     7606       2C        C       0
                text55                             648C     648C       70        C       0
                text54                             78D0     78D0       1C     3C68       0
                text53                               20       20      47C        C       0
                text52                              BC8      BC8      368        C       0
                text51                             14DA     14DA      2AA        C       0
                text50                             6FFA     6FFA       4E        C       0
                text49                             6EB6     6EB6       52        C       0
                text48                             71F0     71F0       42        C       0
                text47                             5590     5590       A4        C       0
                text46                             71AE     71AE       42        C       0
                text45                             4E70     4E70       C4        C       0
                text44                             336E     336E      17C        C       0
                text43                             7092     7092       48        C       0
                text42                             34EA     34EA      176        C       0
                text41                             5EE0     5EE0       82        C       0
                text40                             67E6     67E6       66        C       0
                text39                              85A      85A      36E        C       0
                text38                              F30      F30      2F6        C       0
                text37                             2910     2910      1DE        C       0
                text36                             2CC6     2CC6      1D6        C       0
                text35                             3660     3660      152        C       0
                text34                             3A3A     3A3A      12C        C       0
                text33                             4B48     4B48       CC        C       0
                text32                             7752     7752       26        C       0
                text31                             779E     779E       24        C       0
                text30                             6D60     6D60       56        C       0
                text29                             65D6     65D6       6A        C       0
                text28                             736C     736C       3A        C       0
                text27                             7892     7892       20        C       0
                text26                             76DC     76DC       28        C       0
                text25                             6D0A     6D0A       56        C       0
                text24                             1A08     1A08      268        C       0
                text23                             49AC     49AC       CE        C       0
                text22                             3058     3058      196        C       0
                text21                             2524     2524      1FE        C       0
                text20                             54EC     54EC       A4        C       0
                text19                             79BC     79BC       10     3C68       0
                text18                             60DE     60DE       7A        C       0
                text17                             7976     7976       12     3C68       0
                text16                             76B4     76B4       28        C       0
                text15                             7AC2     7AC2        2     3C68       0
                text14                             72F4     72F4       3C        C       0
                text13                             79DC     79DC        E     3C68       0
                text12                             7922     7922       18     3C68       0
                text11                             79F8     79F8        C     3C68       0
                text10                             7964     7964       12     3C68       0
                text9                              677E     677E       68        C       0
                text8                              73A6     73A6       38        C       0
                text7                              62BE     62BE       74        C       0
                text6                              772C     772C       26        C       0
                text5                              782C     782C       22        C       0
                text4                              780A     780A       22        C       0
                text3                              75DA     75DA       2C        C       0
                text2                              79AC     79AC       10     3C68       0
                text1                              48DC     48DC       D0        C       0
                text0                              4CE0     4CE0       C8        C       0
                cstackCOMRAM                          1        1       5F        1       1
                cstackBANK0                          BE       BE       40       60       1
                bssBIGRAMll                         2B2      2B2      200      2B2       1
                bssBIGRAMlh                         800      800      400      800       1
                bssBANK2                            200      200       B2      200       1
                dataBANK1                           1D4      1D4       1D      100       1
                bssBANK1                            100      100       D4      100       1
                dataBANK0                            FE       FE        1       60       1
                bssBANK0                             60       60       5E       60       1
                cinit                              5E5C     5E5C       84        C       0
                idataBANK1                         78B2     78B2       1D        C       0
                idataBANK0                         7AC6     7AC6        1     3C68       0

TOTAL           Name                               Link     Load   Length     Space
        CLASS   STACK          

        CLASS   CODE           
                intcodelo                            18       18        4         0
                intcode                               8        8        4         0
                init                                 1C       1C        4         0
                reset_vec                             0        0        4         0
                text201                            40A4     40A4      102         0
                text200                            7AC4     7AC4        2         0
                text199                            594C     594C       98         0
                text198                            754A     754A       32         0
                text197                            6AF6     6AF6       5C         0
                text196                            6E0C     6E0C       56         0
                text195                            7870     7870       22         0
                text194                            61D0     61D0       78         0
                text193                            63A6     63A6       74         0
                text192                            7122     7122       48         0
                text191                            79EA     79EA        E         0
                text190                            7A72     7A72        A         0
                text189                            7A68     7A68        A         0
                text188                            7518     7518       32         0
                text187                            6158     6158       78         0
                text186                            6CB2     6CB2       58         0
                text185                            6C5A     6C5A       58         0
                text184                            5C2C     5C2C       90         0
                text183                            6FAA     6FAA       50         0
                text182                            68B2     68B2       64         0
                text181                            72B4     72B4       40         0
                text180                            6C02     6C02       58         0
                text179                            6248     6248       76         0
                text178                            6332     6332       74         0
                text177                            20EE     20EE      220         0
                text176                            5F62     5F62       82         0
                text175                            77E6     77E6       24         0
                text174                            50BA     50BA       C2         0
                text173                            517C     517C       C0         0
                text172                            5CBC     5CBC       8E         0
                text171                            684C     684C       66         0
                text170                            2E9C     2E9C      1BC         0
                text169                            656A     656A       6C         0
                text168                            6A9A     6A9A       5C         0
                text167                            6714     6714       6A         0
                text166                            66AA     66AA       6A         0
                text165                            6F08     6F08       52         0
                text164                            7ABE     7ABE        4         0
                text163                            5B9C     5B9C       90         0
                text162                            6640     6640       6A         0
                text161                            7ABA     7ABA        4         0
                text160                            5B0A     5B0A       92         0
                text159                            7A8C     7A8C        8         0
                text158                            7A84     7A84        8         0
                text157                            7A7C     7A7C        8         0
                text156                            6BAA     6BAA       58         0
                text155                            70DA     70DA       48         0
                text154                            765E     765E       2C         0
                text153                            7274     7274       40         0
                text152                            77C2     77C2       24         0
                text151                            6062     6062       7C         0
                text150                            4A7A     4A7A       CE         0
                text149                            5634     5634       A2         0
                text148                            7A5E     7A5E        A         0
                text147                            7AAC     7AAC        6         0
                text146                            799A     799A       12         0
                text145                            7A54     7A54        A         0
                text144                            7A4A     7A4A        A         0
                text143                            7AA6     7AA6        6         0
                text142                            7AA0     7AA0        6         0
                text141                            793A     793A       16         0
                text140                            7A40     7A40        A         0
                text139                            7A9A     7A9A        6         0
                text138                            7A36     7A36        A         0
                text137                            2722     2722      1EE         0
                text136                            5812     5812       9E         0
                text135                            768A     768A       2A         0
                text134                            523C     523C       B4         0
                text133                            64FC     64FC       6E         0
                text132                            7A94     7A94        6         0
                text131                            4720     4720       E2         0
                text130                            641A     641A       72         0
                text129                            1EC8     1EC8      226         0
                text128                            230E     230E      216         0
                text127                            42A6     42A6       F2         0
                text126                            5446     5446       A6         0
                text125                            7AB6     7AB6        4         0
                text124                            7908     7908       1A         0
                text123                            7988     7988       12         0
                text122                            7A2C     7A2C        A         0
                text121                            58B0     58B0       9C         0
                text120                            7778     7778       26         0
                text119                            74E6     74E6       32         0
                text118                            6978     6978       62         0
                text117                            3D90     3D90      108         0
                text116                            3F9E     3F9E      106         0
                text115                            463E     463E       E2         0
                text114                            2AEE     2AEE      1D8         0
                text113                            7048     7048       4A         0
                text112                            74B4     74B4       32         0
                text111                            7AB2     7AB2        4         0
                text110                            1226     1226      2B4         0
                text109                             49C      49C      3BE         0
                text108                            6916     6916       62         0
                text107                            3C7E     3C7E      112         0
                text106                            1C70     1C70      258         0
                text105                            7950     7950       14         0
                text104                            4C14     4C14       CC         0
                text103                            4DA8     4DA8       C8         0
                text102                            4F34     4F34       C4         0
                text101                            3B66     3B66      118         0
                text100                            6A3A     6A3A       60         0
                text99                             59E4     59E4       94         0
                text98                             7330     7330       3C         0
                text97                             7480     7480       34         0
                text96                             3E98     3E98      106         0
                text95                             79CC     79CC       10         0
                text94                             6DB6     6DB6       56         0
                text93                             6E62     6E62       54         0
                text92                             455C     455C       E2         0
                text91                             4FF8     4FF8       C2         0
                text90                             5DD6     5DD6       86         0
                text89                             1784     1784      284         0
                text88                             3900     3900      13A         0
                text87                             539C     539C       AA         0
                text86                             7632     7632       2C         0
                text85                             447A     447A       E2         0
                text84                             4398     4398       E2         0
                text83                             5774     5774       9E         0
                text82                             41A6     41A6      100         0
                text81                             5A78     5A78       92         0
                text80                             52F0     52F0       AC         0
                text79                             37B2     37B2      14E         0
                text78                             784E     784E       22         0
                text77                             716A     716A       44         0
                text76                             757C     757C       30         0
                text75                             73DE     73DE       38         0
                text74                             31EE     31EE      180         0
                text73                             7A22     7A22        A         0
                text72                             7A18     7A18        A         0
                text71                             7A0E     7A0E        A         0
                text70                             5D4A     5D4A       8C         0
                text69                             6F5A     6F5A       50         0
                text68                             6B52     6B52       58         0
                text67                             56D6     56D6       9E         0
                text66                             4802     4802       DA         0
                text65                             75AC     75AC       2E         0
                text64                             69DA     69DA       60         0
                text63                             7704     7704       28         0
                text62                             744C     744C       34         0
                text61                             7A04     7A04        A         0
                text60                             78EC     78EC       1C         0
                text59                             7416     7416       36         0
                text58                             7232     7232       42         0
                text57                             5FE4     5FE4       7E         0
                text56                             7606     7606       2C         0
                text55                             648C     648C       70         0
                text54                             78D0     78D0       1C         0
                text53                               20       20      47C         0
                text52                              BC8      BC8      368         0
                text51                             14DA     14DA      2AA         0
                text50                             6FFA     6FFA       4E         0
                text49                             6EB6     6EB6       52         0
                text48                             71F0     71F0       42         0
                text47                             5590     5590       A4         0
                text46                             71AE     71AE       42         0
                text45                             4E70     4E70       C4         0
                text44                             336E     336E      17C         0
                text43                             7092     7092       48         0
                text42                             34EA     34EA      176         0
                text41                             5EE0     5EE0       82         0
                text40                             67E6     67E6       66         0
                text39                              85A      85A      36E         0
                text38                              F30      F30      2F6         0
                text37                             2910     2910      1DE         0
                text36                             2CC6     2CC6      1D6         0
                text35                             3660     3660      152         0
                text34                             3A3A     3A3A      12C         0
                text33                             4B48     4B48       CC         0
                text32                             7752     7752       26         0
                text31                             779E     779E       24         0
                text30                             6D60     6D60       56         0
                text29                             65D6     65D6       6A         0
                text28                             736C     736C       3A         0
                text27                             7892     7892       20         0
                text26                             76DC     76DC       28         0
                text25                             6D0A     6D0A       56         0
                text24                             1A08     1A08      268         0
                text23                             49AC     49AC       CE         0
                text22                             3058     3058      196         0
                text21                             2524     2524      1FE         0
                text20                             54EC     54EC       A4         0
                text19                             79BC     79BC       10         0
                text18                             60DE     60DE       7A         0
                text17                             7976     7976       12         0
                text16                             76B4     76B4       28         0
                text15                             7AC2     7AC2        2         0
                text14                             72F4     72F4       3C         0
                text13                             79DC     79DC        E         0
                text12                             7922     7922       18         0
                text11                             79F8     79F8        C         0
                text10                             7964     7964       12         0
                text9                              677E     677E       68         0
                text8                              73A6     73A6       38         0
                text7                              62BE     62BE       74         0
                text6                              772C     772C       26         0
                text5                              782C     782C       22         0
                text4                              780A     780A       22         0
                text3                              75DA     75DA       2C         0
                text2                              79AC     79AC       10         0
                text1                              48DC     48DC       D0         0
                text0                              4CE0     4CE0       C8         0
                cinit                              5E5C     5E5C       84         0
                idataBANK1                         78B2     78B2       1D         0
                idataBANK0                         7AC6     7AC6        1         0

        CLASS   CONST          

        CLASS   SMALLCONST     

        CLASS   MEDIUMCONST    
                mediumconst                        8CCC     8CCC      334         0

        CLASS   COMRAM         
                cstackCOMRAM                          1        1       5F         1

        CLASS   ABS1           
                abs_s1                              600      600      200         1
                abs_s1                              D00      D00       5F         1
                abs_s1                              D80      D80        D         1

        CLASS   BIGRAM         
                bssBIGRAMll                         2B2      2B2      200         1
                bssBIGRAMlh                         800      800      400         1

        CLASS   RAM            

        CLASS   BANK0          
                cstackBANK0                          BE       BE       40         1
                dataBANK0                            FE       FE        1         1
                bssBANK0                             60       60       5E         1

        CLASS   BANK1          
                dataBANK1                           1D4      1D4       1D         1
                bssBANK1                            100      100       D4         1

        CLASS   BANK2          
                bssBANK2                            200      200       B2         1

        CLASS   BANK3          

        CLASS   BANK4          

        CLASS   BANK5          

        CLASS   BANK6          

        CLASS   BANK7          

        CLASS   BANK8          

        CLASS   BANK9          

        CLASS   BANK10         

        CLASS   BANK11         

        CLASS   BANK12         

        CLASS   BANK13         

        CLASS   BANK14         

        CLASS   SFR            

        CLASS   FARRAM         

        CLASS   CONFIG         
                config                            1FFF8    1FFF8        8         0

        CLASS   IDLOC          



SEGMENTS        Name                           Load    Length   Top    Selector   Space  Class

                reset_vec                      000000  000004  000004         0       0  CODE    
                cstackCOMRAM                   000001  00005F  000060         1       1  COMRAM  
                intcode                        000008  000004  00000C         4       0  CODE    
                intcodelo                      000018  0078B7  0078CF         C       0  CODE    
                bssBANK0                       000060  00009F  0000FF        60       1  BANK0   
                bssBANK1                       000100  0000F1  0001F1       100       1  BANK1   
                bssBANK2                       000200  0000B2  0002B2       200       1  BANK2   
                bssBIGRAMll                    0002B2  000200  0004B2       2B2       1  BIGRAM  
                bssBIGRAMlh                    000800  000400  000C00       800       1  BIGRAM  
                text54                         0078D0  0001F7  007AC7      3C68       0  CODE    
                mediumconst                    008CCC  000334  009000      4666       0  MEDIUMCO
                config                         01FFF8  000008  020000     1FFF8       0  CONFIG  


UNUSED ADDRESS RANGES

        Name                Unused          Largest block    Delta
        BANK0            000FF-000FF               1
        BANK1            001F1-001FF               F
        BANK12           00C00-00CFF             100
        BANK13           00D5F-00D7F              21
                         00D8D-00DFF              73
        BANK14           00E00-00EAF              B0
        BANK4            004B2-004FF              4E
        BANK5            00500-005FF             100
        BIGRAM           000FF-000FF               1
                         001F1-001FF               F
                         004B2-005FF             14E
                         00C00-00CFF             100
                         00D5F-00D7F              21
                         00D8D-00EAF             123
        CODE             00004-00007               4
                         0000C-00017               C
                         078CF-078CF               1
                         07AC7-08CCB            1205
        CONST            00004-00007               4
                         0000C-00017               C
                         078CF-078CF               1
                         07AC7-08CCB            1205
        MEDIUMCONST      078CF-078CF               1
                         07AC7-08CCB            1205
        RAM              000FF-000FF               1
                         001F1-001FF               F
                         004B2-005FF             100
                         00C00-00CFF             100
                         00D5F-00D7F              21
                         00D8D-00EAF              73
        SFR              00EB0-00FFF              60
        SMALLCONST       078CF-078CF               1
                         07AC7-08CCB             100
        STACK            004B2-005FF             14E

                                  Symbol Table

?_ExternalFlash_CapacityRead                          cstackCOMRAM  00001
?_ExternalFlash_MediaInitialize                       cstackCOMRAM  00001
?_ExternalFlash_SectorSizeRead                        cstackCOMRAM  00001
?_USBTransferOnePacket                                cstackCOMRAM  00001
?___lldiv                                             cstackCOMRAM  00001
?___llmod                                             cstackCOMRAM  00001
?___lwdiv                                             cstackCOMRAM  00001
?___lwmod                                             cstackCOMRAM  00001
?__flash_get_status                                   cstackCOMRAM  0000D
?__get_date                                           cstackCOMRAM  00001
?__get_empty_cluster                                  cstackCOMRAM  00028
?__get_first_cluster                                  cstackCOMRAM  00028
?__get_time                                           cstackCOMRAM  00001
?__read_fat                                           cstackCOMRAM  00028
?__sector_from_cluster                                cstackCOMRAM  00001
?_bootloader_get_entries                              cstackCOMRAM  00001
?_bootloader_get_file_size                            cstackCOMRAM  00001
?_bootloader_get_flashPagesWritten                    cstackCOMRAM  00001
?_bootloader_get_rec_address                          cstackCOMRAM  00001
?_bootloader_get_rec_dataLength                       cstackCOMRAM  00001
?_bootloader_get_total_entries                        cstackCOMRAM  00001
?_fat_get_empty_clusters                              cstackCOMRAM  00028
?_fat_get_file_size                                   cstackCOMRAM  00028
?_hexCharsToUint16                                    cstackCOMRAM  00003
?_internalFlash_addressFromPage                       cstackCOMRAM  00001
?_internalFlash_addressWithinPage                     cstackCOMRAM  00009
?_internalFlash_getBuffer                             cstackCOMRAM  00001
?_internalFlash_pageFromAddress                       cstackCOMRAM  00001
?_parseHexFileEntry                                   cstackCOMRAM  0000C
?_strncmp                                             cstackCOMRAM  00001
ExternalFlash_CapacityRead@config                     cstackCOMRAM  00001
ExternalFlash_MediaDetect@config                      cstackCOMRAM  00001
ExternalFlash_MediaInitialize@config                  cstackCOMRAM  00001
ExternalFlash_SectorRead@buffer                       cstackCOMRAM  00032
ExternalFlash_SectorRead@config                       cstackCOMRAM  0002C
ExternalFlash_SectorRead@page                         cstackCOMRAM  00034
ExternalFlash_SectorRead@sector_addr                  cstackCOMRAM  0002E
ExternalFlash_SectorSizeRead@config                   cstackCOMRAM  00001
ExternalFlash_SectorWrite@allowWriteToZero            cstackCOMRAM  0002D
ExternalFlash_SectorWrite@buffer                      cstackCOMRAM  0002B
ExternalFlash_SectorWrite@config                      cstackCOMRAM  00025
ExternalFlash_SectorWrite@page                        cstackCOMRAM  0002E
ExternalFlash_SectorWrite@sector_addr                 cstackCOMRAM  00027
ExternalFlash_WriteProtectStateGet@config             cstackCOMRAM  00001
MSDCheckForErrorCases@DeviceBytes                     cstackCOMRAM  0000B
MSDCheckForErrorCases@DeviceNoData                    cstackCOMRAM  00011
MSDCheckForErrorCases@HostMoreDataThanDevice          cstackCOMRAM  0000F
MSDCheckForErrorCases@MSDErrorCase                    cstackCOMRAM  00010
MSDComputeDeviceInAndResidue@DiExpected               cstackCOMRAM  00001
MSDErrorHandler@ErrorCase                             cstackCOMRAM  00009
MSDErrorHandler@OldMSD_State                          cstackCOMRAM  0000A
MSDProcessCommandMediaPresent@NumBytesInPacket        cstackCOMRAM  0003E
MSDProcessCommandMediaPresent@capacity                cstackCOMRAM  00043
MSDProcessCommandMediaPresent@i                       cstackCOMRAM  00047
MSDProcessCommandMediaPresent@sectorSize              cstackCOMRAM  0003F
MSDTasks@i                                            cstackCOMRAM  00052
MSDTransferTerminated@handle                          cstackCOMRAM  0000C
SYSTEM_Initialize@pll_startup_counter                 cstackCOMRAM  00001
SYSTEM_Initialize@pll_startup_counter_2821            cstackCOMRAM  00003
SYSTEM_Initialize@state                               cstackCOMRAM  00005
USBConfigureEndpoint@EPNum                            cstackCOMRAM  00006
USBConfigureEndpoint@direction                        cstackCOMRAM  00001
USBConfigureEndpoint@handle                           cstackCOMRAM  00007
USBCtrlTrfInHandler@lastDTS                           cstackCOMRAM  00002
USBCtrlTrfRxService@byteToRead                        cstackCOMRAM  00002
USBCtrlTrfRxService@i                                 cstackCOMRAM  00001
USBCtrlTrfTxService@byteToSend                        cstackCOMRAM  00001
USBDeviceInit@i                                       cstackCOMRAM  00009
USBDeviceTasks@i                                      cstackCOMRAM  00020
USBEnableEndpoint@ep                                  cstackCOMRAM  0000C
USBEnableEndpoint@options                             cstackCOMRAM  00009
USBEnableEndpoint@p                                   cstackCOMRAM  0000A
USBStallEndpoint@dir                                  cstackCOMRAM  00001
USBStallEndpoint@ep                                   cstackCOMRAM  00006
USBStallEndpoint@p                                    cstackCOMRAM  00007
USBStdFeatureReqHandler@current_ep_data               cstackCOMRAM  0001B
USBStdFeatureReqHandler@p                             cstackCOMRAM  0001C
USBStdFeatureReqHandler@pUEP                          cstackCOMRAM  00019
USBStdGetStatusHandler@p                              cstackCOMRAM  00002
USBStdSetCfgHandler@i                                 cstackCOMRAM  00018
USBTransferOnePacket@data                             cstackCOMRAM  00002
USBTransferOnePacket@dir                              cstackCOMRAM  00001
USBTransferOnePacket@ep                               cstackCOMRAM  00009
USBTransferOnePacket@handle                           cstackCOMRAM  0000A
USBTransferOnePacket@len                              cstackCOMRAM  00004
USER_USB_CALLBACK_EVENT_HANDLER@event                 cstackCOMRAM  00010
USER_USB_CALLBACK_EVENT_HANDLER@pdata                 cstackCOMRAM  00012
USER_USB_CALLBACK_EVENT_HANDLER@size                  cstackCOMRAM  00014
_ANCON0bits                                           (abs)         00F48
_APP_DeviceCustomHIDInitialize                        text97        07480
_APP_DeviceCustomHIDTasks                             text126       05446
_APP_DeviceMSDInitialize                              text95        079CC
_APP_DeviceMSDTasks                                   text105       07950
_BDT                                                  (abs)         00D00
_BothEP0OutUOWNsSet                                   bssBANK0      000B1
_CtrlTrfData                                          (abs)         00D38
_DMABCH                                               (abs)         00F66
_DMABCL                                               (abs)         00F67
_DMACON1bits                                          (abs)         00F88
_DMACON2bits                                          (abs)         00F86
_EECON1                                               (abs)         00FA6
_EECON1bits                                           (abs)         00FA6
_EECON2                                               (abs)         00FA7
_ExternalFlash_CapacityRead                           text123       07988
_ExternalFlash_MediaDetect                            text125       07AB6
_ExternalFlash_MediaInitialize                        text124       07908
_ExternalFlash_SectorRead                             text119       074E6
_ExternalFlash_SectorSizeRead                         text122       07A2C
_ExternalFlash_SectorWrite                            text112       074B4
_ExternalFlash_WriteProtectStateGet                   text111       07AB2
_FileAddress                                          bssBANK1      0015E
_INTCON                                               (abs)         00FF2
_INTCON2bits                                          (abs)         00FF1
_INTCON3bits                                          (abs)         00FF0
_INTCONbits                                           (abs)         00FF2
_LATAbits                                             (abs)         00F89
_LATBbits                                             (abs)         00F8A
_LATCbits                                             (abs)         00F8B
_LATDbits                                             (abs)         00F8C
_LATEbits                                             (abs)         00F8D
_LBA                                                  bssBANK0      00080
_LUN                                                  dataBANK1     001D4
_MSBBufferIndex                                       bssBANK1      00166
_MSDCBWValid                                          bssBANK0      000A1
_MSDCheckForErrorCases                                text115       0463E
_MSDCommandState                                      bssBANK0      000A8
_MSDComputeDeviceInAndResidue                         text121       058B0
_MSDErrorHandler                                      text116       03F9E
_MSDHostNoData                                        bssBANK0      000A2
_MSDProcessCommand                                    text107       03C7E
_MSDProcessCommandMediaAbsent                         text108       06916
_MSDProcessCommandMediaPresent                        text109       0049C
_MSDProcessCommandMediaPresent$2390                   cstackCOMRAM  0003C
_MSDReadHandler                                       text114       02AEE
_MSDReadState                                         bssBANK0      000A7
_MSDRetryAttempt                                      bssBANK0      000A5
_MSDTasks                                             text106       01C70
_MSDTasks$2372                                        cstackCOMRAM  0004E
_MSDTasks$2373                                        cstackCOMRAM  00050
_MSDTransferTerminated                                text94        06DB6
_MSDTransferTerminated$2407                           cstackCOMRAM  0000E
_MSDWriteHandler                                      text110       01226
_MSDWriteState                                        bssBANK0      000A6
_MSD_State                                            bssBANK0      000A9
_OSCCON                                               (abs)         00FD3
_OSCTUNEbits                                          (abs)         00F9B
_PIE2bits                                             (abs)         00FA0
_PIR2bits                                             (abs)         00FA1
_PORTAbits                                            (abs)         00F80
_PORTBbits                                            (abs)         00F81
_PPSCONbits                                           (abs)         00EBF
_RPINR1                                               (abs)         00EE1
_RPINR2                                               (abs)         00EE2
_RPINR21                                              (abs)         00EFC
_RPINR22                                              (abs)         00EFD
_RPINR3                                               (abs)         00EE3
_RPOR21                                               (abs)         00ED5
_RPOR22                                               (abs)         00ED6
_RXADDRH                                              (abs)         00F68
_RXADDRL                                              (abs)         00F69
_ReceivedDataBuffer                                   bssBANK2      00240
_RemoteWakeup                                         bssBANK0      000B4
_ResetSenseData                                       text118       06978
_SSP1ADD                                              (abs)         00FC8
_SSP1BUF                                              (abs)         00FC9
_SSP1CON1bits                                         (abs)         00FC6
_SSP1CON2bits                                         (abs)         00FC5
_SSP1STATbits                                         (abs)         00FC7
_SSP2CON1bits                                         (abs)         00F72
_SSP2STATbits                                         (abs)         00F73
_SYSTEM_Initialize                                    text93        06E62
_SetupPkt                                             (abs)         00D30
_SoftDetach                                           bssBANK0      000A3
_T0CONbits                                            (abs)         00FD5
_TABLAT                                               (abs)         00FF5
_TBLPTR                                               (abs)         00FF6
_TMR0H                                                (abs)         00FD7
_TMR0L                                                (abs)         00FD6
_TRISAbits                                            (abs)         00F92
_TRISBbits                                            (abs)         00F93
_TRISCbits                                            (abs)         00F94
_TRISDbits                                            (abs)         00F95
_TRISEbits                                            (abs)         00F96
_TXADDRH                                              (abs)         00F6A
_TXADDRL                                              (abs)         00F6B
_ToSendDataBuffer                                     bssBANK2      00200
_TransferLength                                       bssBANK0      0008C
_UADDR                                                (abs)         00F38
_UCFG                                                 (abs)         00F39
_UCON                                                 (abs)         00F65
_UCONbits                                             (abs)         00F65
_UEIE                                                 (abs)         00F37
_UEIR                                                 (abs)         00F63
_UEP0                                                 (abs)         00F26
_UEP0bits                                             (abs)         00F26
_UEP1                                                 (abs)         00F27
_UIE                                                  (abs)         00F36
_UIEbits                                              (abs)         00F36
_UIR                                                  (abs)         00F62
_UIRbits                                              (abs)         00F62
_USB1msTickCount                                      bssBANK1      00154
_USBActiveConfiguration                               bssBANK0      000BD
_USBAlternateInterface                                bssBANK0      000B8
_USBBusIsSuspended                                    bssBANK0      000B3
_USBCheckHIDRequest                                   text92        0455C
_USBCheckMSDRequest                                   text91        04FF8
_USBCheckMSDRequest$2319                              cstackCOMRAM  0000C
_USBCheckMSDRequest$2320                              cstackCOMRAM  0000E
_USBCheckStdRequest                                   text84        04398
_USBConfigureEndpoint                                 text99        059E4
_USBCtrlEPAllowDataStage                              text83        05774
_USBCtrlEPAllowStatusStage                            text102       04F34
_USBCtrlEPService                                     text80        052F0
_USBCtrlEPServiceComplete                             text82        041A6
_USBCtrlTrfInHandler                                  text103       04DA8
_USBCtrlTrfOutHandler                                 text100       06A3A
_USBCtrlTrfRxService                                  text101       03B66
_USBCtrlTrfSetupHandler                               text81        05A78
_USBCtrlTrfTxService                                  text104       04C14
_USBDeferINDataStagePackets                           bssBANK0      000AC
_USBDeferOUTDataStagePackets                          bssBANK0      000AB
_USBDeferStatusStagePacket                            bssBANK0      000AF
_USBDeviceInit                                        text79        037B2
_USBDeviceState                                       bssBANK0      000B7
_USBDeviceTasks                                       text74        031EE
_USBEnableEndpoint                                    text98        07330
_USBInHandle                                          bssBANK0      00088
_USBIncrement1msInternalTimers                        text78        0784E
_USBMSDInHandle                                       bssBANK0      0008E
_USBMSDInit                                           text96        03E98
_USBMSDOutHandle                                      bssBANK0      00090
_USBOutHandle                                         bssBANK0      0008A
_USBStallEndpoint                                     text117       03D90
_USBStallHandler                                      text77        0716A
_USBStatusStageEnabledFlag1                           bssBANK0      000AE
_USBStatusStageEnabledFlag2                           bssBANK0      000AD
_USBStatusStageTimeoutCounter                         bssBANK0      000B0
_USBStdFeatureReqHandler                              text89        01784
_USBStdGetDscHandler                                  text88        03900
_USBStdGetStatusHandler                               text87        0539C
_USBStdSetCfgHandler                                  text85        0447A
_USBSuspend                                           text76        0757C
_USBTicksSinceSuspendEnd                              bssBANK0      000AA
_USBTransferOnePacket                                 text201       040A4
_USBWakeFromSuspend                                   text75        073DE
_USB_CD_Ptr                                           mediumconst   08EA5
_USB_SD_Ptr                                           mediumconst   08E7B
_USER_USB_CALLBACK_EVENT_HANDLER                      text90        05DD6
_USTAT                                                (abs)         00F64
_USTATcopy                                            bssBANK0      000BC
__CFG_ADCSEL$BIT10                                    (abs)         00000
__CFG_CFGPLLEN$ON                                     (abs)         00000
__CFG_CLKOEC$OFF                                      (abs)         00000
__CFG_CP0$OFF                                         (abs)         00000
__CFG_CPUDIV$OSC1                                     (abs)         00000
__CFG_DSBOREN$OFF                                     (abs)         00000
__CFG_DSWDTEN$OFF                                     (abs)         00000
__CFG_DSWDTOSC$INTOSCREF                              (abs)         00000
__CFG_DSWDTPS$8192                                    (abs)         00000
__CFG_FCMEN$OFF                                       (abs)         00000
__CFG_IESO$ON                                         (abs)         00000
__CFG_IOL1WAY$OFF                                     (abs)         00000
__CFG_LS48MHZ$SYS48X8                                 (abs)         00000
__CFG_MSSP7B_EN$MSK7                                  (abs)         00000
__CFG_OSC$HSPLL                                       (abs)         00000
__CFG_PLLDIV$2                                        (abs)         00000
__CFG_RTCOSC$T1OSCREF                                 (abs)         00000
__CFG_SOSCSEL$HIGH                                    (abs)         00000
__CFG_STVREN$ON                                       (abs)         00000
__CFG_WDTEN$OFF                                       (abs)         00000
__CFG_WDTPS$32768                                     (abs)         00000
__CFG_WPCFG$OFF                                       (abs)         00000
__CFG_WPDIS$OFF                                       (abs)         00000
__CFG_WPEND$PAGE_0                                    (abs)         00000
__CFG_WPFP$PAGE_1                                     (abs)         00000
__CFG_XINST$OFF                                       (abs)         00000
__HRAM                                                (abs)         00000
__Habs1                                               abs1          00000
__Hbank0                                              bank0         00000
__Hbank1                                              bank1         00000
__Hbank10                                             bank10        00000
__Hbank11                                             bank11        00000
__Hbank12                                             bank12        00000
__Hbank13                                             bank13        00000
__Hbank14                                             bank14        00000
__Hbank2                                              bank2         00000
__Hbank3                                              bank3         00000
__Hbank4                                              bank4         00000
__Hbank5                                              bank5         00000
__Hbank6                                              bank6         00000
__Hbank7                                              bank7         00000
__Hbank8                                              bank8         00000
__Hbank9                                              bank9         00000
__Hbigbss                                             bigbss        00000
__Hbigdata                                            bigdata       00000
__Hbigram                                             bigram        00000
__Hbss                                                bss           00000
__HbssBANK0                                           bssBANK0      00000
__HbssBANK1                                           bssBANK1      00000
__HbssBANK2                                           bssBANK2      00000
__HbssBIGRAMlh                                        bssBIGRAMlh   00000
__HbssBIGRAMll                                        bssBIGRAMll   00000
__Hcinit                                              cinit         00000
__Hclrtext                                            clrtext       00000
__Hcomram                                             comram        00000
__Hconfig                                             config        20000
__Hconst                                              const         00000
__HcstackBANK0                                        cstackBANK0   00000
__HcstackCOMRAM                                       cstackCOMRAM  00000
__Hdata                                               data          00000
__HdataBANK0                                          dataBANK0     00000
__HdataBANK1                                          dataBANK1     00000
__Hfarbss                                             farbss        00000
__Hfardata                                            fardata       00000
__Hibigdata                                           ibigdata      00000
__Hidata                                              idata         00000
__HidataBANK0                                         idataBANK0    00000
__HidataBANK1                                         idataBANK1    00000
__Hidloc                                              idloc         00000
__Hifardata                                           ifardata      00000
__Hinit                                               init          00020
__Hintcode                                            intcode       0000C
__Hintcode_body                                       intcode_body  00000
__Hintcodelo                                          intcodelo     0001C
__Hintentry                                           intentry      00000
__Hintret                                             intret        00000
__Hintsave_regs                                       intsave_regs  00000
__Hirdata                                             irdata        00000
__Hjflash_buffer                                      jflash_buffer 1F800
__Hmediumconst                                        mediumconst   09000
__HnvFARRAM                                           nvFARRAM      00000
__Hnvbit                                              nvbit         00000
__Hnvrram                                             nvrram        00000
__Hparam                                              rparam        00000
__Hpowerup                                            powerup       0001C
__Hram                                                ram           00000
__Hramtop                                             ramtop        00F00
__Hrbit                                               rbit          00000
__Hrbss                                               rbss          00000
__Hrdata                                              rdata         00000
__Hreset_vec                                          reset_vec     00004
__Hrparam                                             rparam        00000
__Hsfr                                                sfr           00000
__Hsmallconst                                         smallconst    00000
__Hspace_0                                            (abs)         20000
__Hspace_1                                            (abs)         00C00
__Hspace_2                                            (abs)         00000
__Hstack                                              stack         00000
__Hstruct                                             struct        00000
__Htemp                                               temp          00000
__Htext                                               text          00000
__Htext0                                              text0         00000
__Htext1                                              text1         00000
__Htext10                                             text10        00000
__Htext100                                            text100       00000
__Htext101                                            text101       00000
__Htext102                                            text102       00000
__Htext103                                            text103       00000
__Htext104                                            text104       00000
__Htext105                                            text105       00000
__Htext106                                            text106       00000
__Htext107                                            text107       00000
__Htext108                                            text108       00000
__Htext109                                            text109       00000
__Htext11                                             text11        00000
__Htext110                                            text110       00000
__Htext111                                            text111       00000
__Htext112                                            text112       00000
__Htext113                                            text113       00000
__Htext114                                            text114       00000
__Htext115                                            text115       00000
__Htext116                                            text116       00000
__Htext117                                            text117       00000
__Htext118                                            text118       00000
__Htext119                                            text119       00000
__Htext12                                             text12        00000
__Htext120                                            text120       00000
__Htext121                                            text121       00000
__Htext122                                            text122       00000
__Htext123                                            text123       00000
__Htext124                                            text124       00000
__Htext125                                            text125       00000
__Htext126                                            text126       00000
__Htext127                                            text127       00000
__Htext128                                            text128       00000
__Htext129                                            text129       00000
__Htext13                                             text13        00000
__Htext130                                            text130       00000
__Htext131                                            text131       00000
__Htext132                                            text132       00000
__Htext133                                            text133       00000
__Htext134                                            text134       00000
__Htext135                                            text135       00000
__Htext136                                            text136       00000
__Htext137                                            text137       00000
__Htext138                                            text138       00000
__Htext139                                            text139       00000
__Htext14                                             text14        00000
__Htext140                                            text140       00000
__Htext141                                            text141       00000
__Htext142                                            text142       00000
__Htext143                                            text143       00000
__Htext144                                            text144       00000
__Htext145                                            text145       00000
__Htext146                                            text146       00000
__Htext147                                            text147       00000
__Htext148                                            text148       00000
__Htext149                                            text149       00000
__Htext15                                             text15        00000
__Htext150                                            text150       00000
__Htext151                                            text151       00000
__Htext152                                            text152       00000
__Htext153                                            text153       00000
__Htext154                                            text154       00000
__Htext155                                            text155       00000
__Htext156                                            text156       00000
__Htext157                                            text157       00000
__Htext158                                            text158       00000
__Htext159                                            text159       00000
__Htext16                                             text16        00000
__Htext160                                            text160       00000
__Htext161                                            text161       00000
__Htext162                                            text162       00000
__Htext163                                            text163       00000
__Htext164                                            text164       00000
__Htext165                                            text165       00000
__Htext166                                            text166       00000
__Htext167                                            text167       00000
__Htext168                                            text168       00000
__Htext169                                            text169       00000
__Htext17                                             text17        00000
__Htext170                                            text170       00000
__Htext171                                            text171       00000
__Htext172                                            text172       00000
__Htext173                                            text173       00000
__Htext174                                            text174       00000
__Htext175                                            text175       00000
__Htext176                                            text176       00000
__Htext177                                            text177       00000
__Htext178                                            text178       00000
__Htext179                                            text179       00000
__Htext18                                             text18        00000
__Htext180                                            text180       00000
__Htext181                                            text181       00000
__Htext182                                            text182       00000
__Htext183                                            text183       00000
__Htext184                                            text184       00000
__Htext185                                            text185       00000
__Htext186                                            text186       00000
__Htext187                                            text187       00000
__Htext188                                            text188       00000
__Htext189                                            text189       00000
__Htext19                                             text19        00000
__Htext190                                            text190       00000
__Htext191                                            text191       00000
__Htext192                                            text192       00000
__Htext193                                            text193       00000
__Htext194                                            text194       00000
__Htext195                                            text195       00000
__Htext196                                            text196       00000
[...]
      Params:         8       0       0       0       0       0       0       0       0       0       0       0       0       0       0
      Locals:         0       0       0       0       0       0       0       0       0       0       0       0       0       0       0
      Temps:          4       0       0       0       0       0       0       0       0       0       0       0       0       0       0
      Totals:        12       0       0       0       0       0       0       0       0       0       0       0       0       0       0
Total ram usage:       12 bytes
 Hardware stack levels used:    1
 Hardware stack levels required when called:    1
 This function calls:
		__switch_mastermode
 This function is called by:
		__flash_get_status
		_flash_partial_read
 This function uses a non-reentrant model


 *************** function __switch_mastermode *****************
 Defined at:
		line 53 in file "spi.c"
 Parameters:    Size  Location     Type
		None
 Auto vars:     Size  Location     Type
		None
 Return value:  Size  Location     Type
                  1    wreg      void 
 Registers used:
		None
 Tracked objects:
		On entry : 
		On exit  : 
		Unchanged: 
 Data sizes:     COMRAM   BANK0   BANK1   BANK2   BANK3   BANK4   BANK5   BANK8   BANK9  BANK10  BANK11  BANK12 BANK13h BANK13l  BANK14
      Params:         0       0       0       0       0       0       0       0       0       0       0       0       0       0       0
      Locals:         0       0       0       0       0       0       0       0       0       0       0       0       0       0       0
      Temps:          0       0       0       0       0       0       0       0       0       0       0       0       0       0       0
      Totals:         0       0       0       0       0       0       0       0       0       0       0       0       0       0       0
Total ram usage:        0 bytes
 Hardware stack levels used:    1
 This function calls:
		Nothing
 This function is called by:
		_spi_tx
		_spi_tx_tx
		_spi_tx_rx
 This function uses a non-reentrant model


 *************** function _USBTransferOnePacket *****************
 Defined at:
		line 995 in file "usb_device.c"
 Parameters:    Size  Location     Type
  ep              1    wreg     unsigned char 
  dir             1    0[COMRAM] unsigned char 
  data            2    1[COMRAM] PTR unsigned char 
		 -> ToSendDataBuffer(64), ReceivedDataBuffer(64), msd_buffer(512), msd_csw(13), 
		 -> msd_cbw(31), NULL(0), 
  len             1    3[COMRAM] unsigned char 
 Auto vars:     Size  Location     Type
  ep              1    8[COMRAM] unsigned char 
  handle          2    9[COMRAM] PTR volatile struct __BD
		 -> RAM(3759), NULL(0), BDT(48), 
 Return value:  Size  Location     Type
                  2    0[COMRAM] PTR void 
 Registers used:
		wreg, fsr2l, fsr2h, status,2, status,0, prodl, prodh
 Tracked objects:
		On entry : 
		On exit  : 
		Unchanged: 
 Data sizes:     COMRAM   BANK0   BANK1   BANK2   BANK3   BANK4   BANK5   BANK8   BANK9  BANK10  BANK11  BANK12 BANK13h BANK13l  BANK14
      Params:         4       0       0       0       0       0       0       0       0       0       0       0       0       0       0
      Locals:         3       0       0       0       0       0       0       0       0       0       0       0       0       0       0
      Temps:          4       0       0       0       0       0       0       0       0       0       0       0       0       0       0
      Totals:        11       0       0       0       0       0       0       0       0       0       0       0       0       0       0
Total ram usage:       11 bytes
 Hardware stack levels used:    1
 This function calls:
		Nothing
 This function is called by:
		_USBMSDInit
		_USBCheckMSDRequest
		_MSDTasks
		_MSDProcessCommandMediaPresent
		_MSDReadHandler
		_MSDWriteHandler
		_MSDTransferTerminated
		_APP_DeviceCustomHIDInitialize
		_APP_DeviceCustomHIDTasks
 This function uses a non-reentrant model



MODULE INFORMATION

Module		Function		Class		Link	Load	Size
usb_device_hid.c
		_USBCheckHIDRequest		CODE           	455C	0000	227

usb_device_hid.c estimated size: 227

C:\Program Files (x86)\Microchip\xc8\v2.00\pic\sources\c90\common\lwmod.c
		___lwmod       		CODE           	71F0	0000	67

C:\Program Files (x86)\Microchip\xc8\v2.00\pic\sources\c90\common\lwmod.c estimated size: 67

C:\Program Files (x86)\Microchip\xc8\v2.00\pic\sources\c90\common\strncmp.c
		_strncmp       		CODE           	50BA	0000	195

C:\Program Files (x86)\Microchip\xc8\v2.00\pic\sources\c90\common\strncmp.c estimated size: 195

C:\Program Files (x86)\Microchip\xc8\v2.00\pic\sources\c90\common\llmod.c
		___llmod       		CODE           	67E6	0000	103

C:\Program Files (x86)\Microchip\xc8\v2.00\pic\sources\c90\common\llmod.c estimated size: 103

C:\Program Files (x86)\Microchip\xc8\v2.00\pic\sources\c90\common\memcpy.c
		_memcpy        		CODE           	684C	0000	103

C:\Program Files (x86)\Microchip\xc8\v2.00\pic\sources\c90\common\memcpy.c estimated size: 103

i2c.c
		__i2c_read     		CODE           	5D4A	0000	141
		_i2c_display_write_fixed		CODE           	6D60	0000	87
		__i2c_not_acknowledge		CODE           	7A0E	0000	11
		__i2c_get      		CODE           	7A18	0000	11
		__i2c_wait_idle		CODE           	6BAA	0000	89
		_i2c_display_send_init_sequence		CODE           	75DA	0000	45
		_i2c_digipot_reset_off		CODE           	782C	0000	35
		__i2c_send     		CODE           	7A8C	0000	9
		_i2c_set_frequency		CODE           	765E	0000	45
		_i2c_digipot_reset_on		CODE           	780A	0000	35
		__ic2_display_set_address		CODE           	7752	0000	39
		__i2c_open_1   		CODE           	7922	0000	25
		__i2c_stop     		CODE           	7A7C	0000	9
		_i2c_digipot_backlight		CODE           	772C	0000	39
		__i2c_write    		CODE           	70DA	0000	73
		__i2c_start    		CODE           	7A84	0000	9
		_i2c_init      		CODE           	79F8	0000	13
		_i2c_eeprom_readByte		CODE           	6F5A	0000	81
		__i2c_acknowledge		CODE           	7A22	0000	11
		_i2c_display_cursor		CODE           	779E	0000	37
		_i2c_eeprom_writeByte		CODE           	7274	0000	65

i2c.c estimated size: 909

app_device_msd.c
		_APP_DeviceMSDInitialize		CODE           	79CC	0000	17
		_APP_DeviceMSDTasks		CODE           	7950	0000	21

app_device_msd.c estimated size: 38

C:\Program Files (x86)\Microchip\xc8\v2.00\pic\sources\c90\common\itoa.c
		_itoa          		CODE           	71AE	0000	67
		_utoa          		CODE           	5590	0000	165

C:\Program Files (x86)\Microchip\xc8\v2.00\pic\sources\c90\common\itoa.c estimated size: 232

api.c
		__fill_buffer_get_status		CODE           	4720	0000	227
		__fill_buffer_get_configuration		CODE           	5812	0000	159
		__parse_file_modify		CODE           	7ABE	0000	5
		_api_prepare   		CODE           	42A6	0000	243
		_api_parse     		CODE           	4A7A	0000	207
		__fill_buffer_get_bootloader_details		CODE           	2722	0000	495
		__parse_file_truncate		CODE           	7ABA	0000	5
		__parse_command_long		CODE           	5B0A	0000	147
		__fill_buffer_get_display		CODE           	523C	0000	181
		__fill_buffer_read_file		CODE           	230E	0000	535
		__fill_buffer_find_file		CODE           	5634	0000	163
		__parse_file_rename		CODE           	6640	0000	107
		__parse_file_append		CODE           	5F62	0000	131
		__parse_file_create		CODE           	656A	0000	109
		__parse_file_delete		CODE           	6F08	0000	83
		__parse_command_short		CODE           	6062	0000	125
		__fill_buffer_get_file_details		CODE           	64FC	0000	111

api.c estimated size: 3033

C:\Program Files (x86)\Microchip\xc8\v2.00\pic\sources\c90\common\__lldiv.c
		___lldiv       		CODE           	5EE0	0000	131

C:\Program Files (x86)\Microchip\xc8\v2.00\pic\sources\c90\common\__lldiv.c estimated size: 131

C:\Program Files (x86)\Microchip\xc8\v2.00\pic\sources\c90\common\lwdiv.c
		___lwdiv       		CODE           	6EB6	0000	83

C:\Program Files (x86)\Microchip\xc8\v2.00\pic\sources\c90\common\lwdiv.c estimated size: 83

ui.c
		_ui_get_status 		CODE           	7A94	0000	7
		_ui_run        		CODE           	48DC	0000	209
		_ui_init       		CODE           	7964	0000	19
		__ui_encoder   		CODE           	62BE	0000	117

ui.c estimated size: 352

bootloader.c
		_bootloader_run		CODE           	6FFA	0000	79
		_bootloader_get_error		CODE           	7AAC	0000	7
		__bootloader_program		CODE           	0BC8	0000	873
		_bootloader_get_rec_data		CODE           	793A	0000	23
		_bootloader_get_flashPagesWritten		CODE           	7A54	0000	11
		_bootloader_get_rec_dataLength		CODE           	7A40	0000	11
		_bootloader_get_entries		CODE           	7A5E	0000	11
		__bootloader_verify_file		CODE           	14DA	0000	683
		__bootloader_find_file		CODE           	56D6	0000	159
		_bootloader_get_rec_checksum		CODE           	7AA6	0000	7
		_bootloader_get_rec_checksumCheck		CODE           	7AA0	0000	7
		_bootloader_get_rec_address		CODE           	7A4A	0000	11
		_bootloader_get_file_size		CODE           	799A	0000	19
		_bootloader_get_total_entries		CODE           	7A36	0000	11
		__bootloader_check_address		CODE           	4802	0000	219
		_bootloader_get_rec_recordType		CODE           	7A9A	0000	7

bootloader.c estimated size: 2138

spi.c
		__spi_init_slave		CODE           	7AC2	0000	3
		_spi_init      		CODE           	72F4	0000	61
		_spi_tx        		CODE           	6AF6	0000	93
		__spi_init_pps 		CODE           	76B4	0000	41
		__switch_mastermode		CODE           	7AC4	0000	3
		__spi_init_master		CODE           	7976	0000	19
		_spi_tx_rx     		CODE           	594C	0000	153
		_spi_tx_tx     		CODE           	5C2C	0000	145

spi.c estimated size: 518

app_device_custom_hid.c
		_APP_DeviceCustomHIDTasks		CODE           	5446	0000	167
		_APP_DeviceCustomHIDInitialize		CODE           	7480	0000	53

app_device_custom_hid.c estimated size: 220

shared
		_verify_line1  		MEDIUMCONST    	8E09	0000	17
		_verify_line2  		MEDIUMCONST    	8E55	0000	14
		_verify_line3  		MEDIUMCONST    	8E8A	0000	8
		_configDescriptor1		MEDIUMCONST    	8EA7	0000	65
		_inq_resp      		MEDIUMCONST    	8F49	0000	37
		_USB_CD_Ptr    		MEDIUMCONST    	8EA5	0000	3
		_sd001         		MEDIUMCONST    	8EE7	0000	53
		_failed_line1  		MEDIUMCONST    	8DE9	0000	17
		_failed_line2  		MEDIUMCONST    	8D42	0000	19
		_failed_line4  		MEDIUMCONST    	8E6B	0000	9
		_sd002         		MEDIUMCONST    	8F1B	0000	47
		_found_line1   		MEDIUMCONST    	8E19	0000	17
		_found_line2   		MEDIUMCONST    	8D1D	0000	20
		_found_line3   		MEDIUMCONST    	8E98	0000	8
		_found_line4   		MEDIUMCONST    	8D54	0000	19
		_checked_line1 		MEDIUMCONST    	8DF9	0000	17
		_checked_line2 		MEDIUMCONST    	8CCD	0000	22
		_checked_line3 		MEDIUMCONST    	8E73	0000	9
		_checked_line4 		MEDIUMCONST    	8D66	0000	18
		_found_line3b  		MEDIUMCONST    	8E91	0000	8
		_failed_line3_checksum		MEDIUMCONST    	8E29	0000	16
		_failed_line3_startCode		MEDIUMCONST    	8D0A	0000	20
		_failed_line3_dataTooLong		MEDIUMCONST    	8E47	0000	15
		_sd003         		MEDIUMCONST    	8F8A	0000	27
		__initialization		CODE           	5E5C	0000	127
		_device_dsc    		MEDIUMCONST    	8FA4	0000	19
		_failed_line3_addressRange		MEDIUMCONST    	8CE2	0000	21
		_bootloader_filename		MEDIUMCONST    	8FB6	0000	10
		_bootloader_extension		MEDIUMCONST    	8FC7	0000	5
		_flash_command_pagesize_512		MEDIUMCONST    	8FC3	0000	5
		_flash_command_pagesize_528		MEDIUMCONST    	8FBF	0000	5
		_failed_line3_noNextRecord		MEDIUMCONST    	8E38	0000	16
		_done_line1    		MEDIUMCONST    	8DB9	0000	17
		_done_line2    		MEDIUMCONST    	8E9F	0000	7
		_done_line3    		MEDIUMCONST    	8DA9	0000	17
		_done_line4    		MEDIUMCONST    	8D99	0000	17
		_start_line1   		MEDIUMCONST    	8D88	0000	18
		_start_line2   		MEDIUMCONST    	8D77	0000	18
		_start_line3   		MEDIUMCONST    	8CF6	0000	21
		_start_line4   		MEDIUMCONST    	8E62	0000	10
		_USB_SD_Ptr    		MEDIUMCONST    	8E7B	0000	9
		_hid_rpt01     		MEDIUMCONST    	8F6D	0000	30
		_sd000         		MEDIUMCONST    	8FCB	0000	5
		_programming_line1		MEDIUMCONST    	8DD9	0000	17
		_programming_line2		MEDIUMCONST    	8D30	0000	19
		_programming_line3		MEDIUMCONST    	8E83	0000	8
		_programming_line4		MEDIUMCONST    	8DC9	0000	17

shared estimated size: 943

flash.c
		__flash_copy_page_to_buffer		CODE           	6CB2	0000	89
		_flash_page_write		CODE           	7048	0000	75
		__flash_wakeup 		CODE           	6E0C	0000	87
		_flash_partial_write		CODE           	68B2	0000	101
		_flash_init    		CODE           	79DC	0000	15
		_flash_partial_read		CODE           	61D0	0000	121
		_flash_is_busy 		CODE           	7870	0000	35
		__flash_write_to_buffer		CODE           	6FAA	0000	81
		__flash_get_status		CODE           	754A	0000	51
		__flash_set_page_size		CODE           	60DE	0000	123
		__flash_write_page_from_buffer		CODE           	6C5A	0000	89
		_flash_page_read		CODE           	7778	0000	39
		__flash_compare_page_to_buffer		CODE           	6158	0000	121

flash.c estimated size: 1027

os.c
		_system_init   		CODE           	677E	0000	105
		_system_encoder_enable		CODE           	79AC	0000	17
		__system_encoder_init		CODE           	736C	0000	59
		_timer_pseudo_isr		CODE           	73A6	0000	57
		_system_delay_ms		CODE           	77C2	0000	37
		__system_timer0_init		CODE           	7892	0000	33

os.c estimated size: 308

usb_device.c
		_USBCtrlTrfInHandler		CODE           	4DA8	0000	201
		_USBTransferOnePacket		CODE           	40A4	0000	259
		_USBStdGetDscHandler		CODE           	3900	0000	315
		_USBCtrlEPAllowDataStage		CODE           	5774	0000	159
		_USBStdFeatureReqHandler		CODE           	1784	0000	645
		_USBCtrlEPAllowStatusStage		CODE           	4F34	0000	197
		_USBCtrlTrfSetupHandler		CODE           	5A78	0000	147
		_USBCtrlTrfOutHandler		CODE           	6A3A	0000	97
		_USBCtrlEPServiceComplete		CODE           	41A6	0000	257
		_USBSuspend    		CODE           	757C	0000	49
		_USBStdSetCfgHandler		CODE           	447A	0000	227
		_USBStdGetStatusHandler		CODE           	539C	0000	171
		_USBWakeFromSuspend		CODE           	73DE	0000	57
		_USBStallEndpoint		CODE           	3D90	0000	265
		_USBCtrlTrfRxService		CODE           	3B66	0000	281
		_USBCtrlTrfTxService		CODE           	4C14	0000	205
		_USBEnableEndpoint		CODE           	7330	0000	61
		_USBConfigureEndpoint		CODE           	59E4	0000	149
		_USBDeviceInit 		CODE           	37B2	0000	335
		_USBIncrement1msInternalTimers		CODE           	784E	0000	35
		_USBCtrlEPService		CODE           	52F0	0000	173
		_USBStallHandler		CODE           	716A	0000	69
		_USBDeviceTasks		CODE           	31EE	0000	385
		_USBCheckStdRequest		CODE           	4398	0000	227

usb_device.c estimated size: 4966

display.c
		__display_found		CODE           	2910	0000	479
		__display_clear		CODE           	7092	0000	73
		__display_start		CODE           	3660	0000	339
		__display_itoa_u32		CODE           	085A	0000	879
		__display_itoa_u16		CODE           	4E70	0000	197
		__display_failed		CODE           	0F30	0000	759
		__display_verify		CODE           	3A3A	0000	301
		_display_update		CODE           	65D6	0000	107
		_display_prepare		CODE           	4B48	0000	205
		_display_get_character		CODE           	768A	0000	43
		__display_checked		CODE           	336E	0000	381
		__display_done 		CODE           	34EA	0000	375
		__display_programming		CODE           	2CC6	0000	471

display.c estimated size: 4609

usb_events.c
		_USER_USB_CALLBACK_EVENT_HANDLER		CODE           	5DD6	0000	135

usb_events.c estimated size: 135

hex.c
		_hexCharToUint8		CODE           	7606	0000	45
		_parseHexFileEntry		CODE           	0020	0000	1149
		_hexCharsToUint8		CODE           	78D0	0000	29
		_hexCharsToUint16		CODE           	648C	0000	113

hex.c estimated size: 1336

C:\Program Files (x86)\Microchip\xc8\v2.00\pic\sources\c90\common\memset.c
		_memset        		CODE           	7632	0000	45

C:\Program Files (x86)\Microchip\xc8\v2.00\pic\sources\c90\common\memset.c estimated size: 45

internal_flash.c
		_internalFlash_pageFromAddress		CODE           	78EC	0000	29
		_internalFlash_writePage		CODE           	5FE4	0000	127
		_internalFlash_addressFromPage		CODE           	75AC	0000	47
		_internalFlash_getBuffer		CODE           	7A04	0000	11
		_internalFlash_addressWithinPage		CODE           	69DA	0000	97
		_internalFlash_read		CODE           	7416	0000	55
		__internalFlash_unlockAndActivate		CODE           	7704	0000	41
		_internalFlash_erasePage		CODE           	744C	0000	53
		_internalFlash_readPage		CODE           	7232	0000	67

internal_flash.c estimated size: 527

main.c
		_main          		CODE           	4CE0	0000	201
		__normal_mode  		CODE           	6B52	0000	89

main.c estimated size: 290

fat16.c
		__sector_from_cluster		CODE           	79EA	0000	15
		__get_first_cluster		CODE           	6714	0000	107
		__get_data     		CODE           	76DC	0000	41
		__get_date     		CODE           	7A72	0000	11
		__get_time     		CODE           	7A68	0000	11
		_fat_append_to_file		CODE           	20EE	0000	545
		__root_is_available		CODE           	6248	0000	119
		_fat_delete_file		CODE           	66AA	0000	107
		__read_fat     		CODE           	7122	0000	73
		_fat_get_empty_clusters		CODE           	5CBC	0000	143
		__get_available_root_entry		CODE           	77E6	0000	37
		__get_empty_cluster		CODE           	63A6	0000	117
		__get_fbr      		CODE           	1A08	0000	617
		_fat_init      		CODE           	79BC	0000	17
		__get_root     		CODE           	3058	0000	407
		_fat_format    		CODE           	2524	0000	511
		__write_fat    		CODE           	72B4	0000	65
		__write_root   		CODE           	6C02	0000	89
		_fat_create_file		CODE           	2E9C	0000	445
		__delete_root  		CODE           	6A9A	0000	93
		__get_fat      		CODE           	6D0A	0000	87
		__get_mbr      		CODE           	49AC	0000	207
		_fat_find_file 		CODE           	517C	0000	193
		_fat_get_file_information		CODE           	6332	0000	117
		_fat_read_from_file		CODE           	1EC8	0000	551
		__update_modified_time		CODE           	7518	0000	51
		_fat_get_file_size		CODE           	641A	0000	115
		_fat_rename_file		CODE           	5B9C	0000	145
		_fat_get_format_status		CODE           	54EC	0000	165

fat16.c estimated size: 5201

external_flash.c
		_ExternalFlash_MediaInitialize		CODE           	7908	0000	27
		_ExternalFlash_WriteProtectStateGet		CODE           	7AB2	0000	5
		_ExternalFlash_MediaDetect		CODE           	7AB6	0000	5
		_ExternalFlash_CapacityRead		CODE           	7988	0000	19
		_ExternalFlash_SectorSizeRead		CODE           	7A2C	0000	11
		_ExternalFlash_SectorWrite		CODE           	74B4	0000	51
		_ExternalFlash_SectorRead		CODE           	74E6	0000	51

external_flash.c estimated size: 169

system.c
		_SYSTEM_Initialize		CODE           	6E62	0000	85

system.c estimated size: 85

usb_device_msd.c
		_ResetSenseData		CODE           	6978	0000	99
		_USBMSDInit    		CODE           	3E98	0000	263
		_MSDWriteHandler		CODE           	1226	0000	693
		_MSDErrorHandler		CODE           	3F9E	0000	263
		_MSDProcessCommandMediaAbsent		CODE           	6916	0000	99
		_MSDComputeDeviceInAndResidue		CODE           	58B0	0000	157
		_MSDReadHandler		CODE           	2AEE	0000	473
		_MSDCheckForErrorCases		CODE           	463E	0000	227
		_MSDProcessCommand		CODE           	3C7E	0000	275
		_MSDTasks      		CODE           	1C70	0000	601
		_MSDTransferTerminated		CODE           	6DB6	0000	87
		_MSDProcessCommandMediaPresent		CODE           	049C	0000	959
		_USBCheckMSDRequest		CODE           	4FF8	0000	195

usb_device_msd.c estimated size: 4391

