Microchip MPLAB XC8 Compiler V1.42 ()

Linker command line:

-W-3 --edf=C:\Program Files (x86)\Microchip\xc8\v1.42\dat\en_msgs.txt -cs \
  -h+dist/default/production\USB_Bootloader.production.sym \
  --cmf=dist/default/production\USB_Bootloader.production.cmf -z -Q18F47J53 \
  -oC:\Users\luke\AppData\Local\Temp\s2om4.2 \
  -Mdist/default/production/USB_Bootloader.production.map -E1 -ver=XC8 \
  -ASTACK=0D8Dh-0eafh -pstack=STACK -ACODE=00h-08FFFh -ACONST=00h-08FFFh \
  -ASMALLCONST=0F00h-0FFFhx129 -AMEDIUMCONST=0F00h-08FFFh -ACOMRAM=01h-05Fh \
  -AABS1=00h-0EAFh -ABIGRAM=01h-0EAFh \
  -ARAM=060h-0FFh,0100h-01FFhx13,0E00h-0EAFh -ABANK0=060h-0FFh \
  -ABANK1=0100h-01FFh -ABANK2=0200h-02FFh -ABANK3=0300h-03FFh \
  -ABANK4=0400h-04FFh -ABANK5=0500h-05FFh -ABANK6=0600h-06FFh \
  -ABANK7=0700h-07FFh -ABANK8=0800h-08FFh -ABANK9=0900h-09FFh \
  -ABANK10=0A00h-0AFFh -ABANK11=0B00h-0BFFh -ABANK12=0C00h-0CFFh \
  -ABANK13=0D00h-0DFFh -ABANK14=0E00h-0EAFh \
  -ASFR=0EB0h-0EFFh,0F00h-0F5Fh,0F60h-0FFFh \
  -preset_vec=00h,intcode=08h,intcodelo=018h,powerup,init -pramtop=0F00h \
  -psmallconst=SMALLCONST -pmediumconst=MEDIUMCONST -pconst=CONST \
  -AFARRAM=00h-00h -ACONFIG=01FFF8h-01FFFFh -pconfig=CONFIG \
  -pjflash_buffer=01F800h \
  -prdata=COMRAM,nvrram=COMRAM,nvbit=COMRAM,rbss=COMRAM,rbit=COMRAM \
  -pfarbss=FARRAM,fardata=FARRAM,nvFARRAM=FARRAM \
  -pintsave_regs=BIGRAM,bigbss=BIGRAM,bigdata=BIGRAM -pbss=RAM \
  -pidata=CODE,irdata=CODE,ibigdata=CODE,ifardata=CODE -prparam=COMRAM \
  C:\Users\luke\AppData\Local\Temp\s2om4.obj \
  dist/default/production\USB_Bootloader.production.obj 

Object code version is 3.11

Machine type is 18F47J53

Call graph: (short form)




                Name                               Link     Load   Length Selector   Space Scale
C:\Users\luke\AppData\Local\Temp\s2om4.obj
                init                                 1C       1C        4        C       0
                reset_vec                             0        0        4        0       0
                config                            1FFF8    1FFF8        8    1FFF8       0
dist/default/production\USB_Bootloader.production.obj
                intcodelo                            18       18        4        C       0
                intcode                               8        8        4        4       0
                mediumconst                        8CCC     8CCC      334     4666       0
                text189                            456E     456E      102        C       0
                text188                            667C     667C       66        C       0
                text187                            5A96     5A96       A0        C       0
                text186                            6222     6222       7A        C       0
                text185                            7542     7542       2A        C       0
                text184                            6DDE     6DDE       4C        C       0
                text183                            6D92     6D92       4C        C       0
                text182                            78D6     78D6       14        C       0
                text181                            78C2     78C2       14        C       0
                text180                            78AE     78AE       14        C       0
                text179                            789A     789A       14        C       0
                text178                            7886     7886       14        C       0
                text177                            7872     7872       14        C       0
                text176                            79D0     79D0        6        C       0
                text175                            6F4C     6F4C       48        C       0
                text174                            6BB8     6BB8       52        C       0
                text173                            3CAA     3CAA      126        C       0
                text172                            7834     7834       16        C       0
                text171                            781E     781E       16        C       0
                text170                            7806     7806       18        C       0
                text169                            77EE     77EE       18        C       0
                text168                            77D6     77D6       18        C       0
                text167                            77BE     77BE       18        C       0
                text166                            77A6     77A6       18        C       0
                text165                            778E     778E       18        C       0
                text164                            67A6     67A6       5C        C       0
                text163                            79C2     79C2        8        C       0
                text162                            79BA     79BA        8        C       0
                text161                            79B2     79B2        8        C       0
                text160                            6962     6962       58        C       0
                text159                            6F04     6F04       48        C       0
                text158                            7516     7516       2C        C       0
                text157                            612A     612A       7E        C       0
                text156                            71E2     71E2       3E        C       0
                text155                            7294     7294       38        C       0
                text154                            13AC     13AC      32A        C       0
                text153                            79DA     79DA        4        C       0
                text152                            7720     7720       1E        C       0
                text151                            78FC     78FC       12        C       0
                text150                            79A8     79A8        A        C       0
                text149                            5802     5802       A8        C       0
                text148                            5C5E     5C5E       94        C       0
                text147                            7432     7432       32        C       0
                text146                            690A     690A       58        C       0
                text145                            6ABC     6ABC       56        C       0
                text144                            76BE     76BE       22        C       0
                text143                            6314     6314       78        C       0
                text142                            7630     7630       26        C       0
                text141                            7400     7400       32        C       0
                text140                            5F20     5F20       86        C       0
                text139                            4468     4468      106        C       0
                text138                            3DD0     3DD0      122        C       0
                text137                            4670     4670      100        C       0
                text136                            2BAE     2BAE      1FA        C       0
                text135                            629C     629C       78        C       0
                text134                            68B2     68B2       58        C       0
                text133                            5E0E     5E0E       8C        C       0
                text132                            6C5A     6C5A       50        C       0
                text131                            6E2A     6E2A       4A        C       0
                text130                            73CE     73CE       32        C       0
                text129                            79D6     79D6        4        C       0
                text128                            1CC6     1CC6      2F4        C       0
                text127                             892      892      3EE        C       0
                text126                            6616     6616       66        C       0
                text125                            3EF2     3EF2      120        C       0
                text124                            225E     225E      290        C       0
                text123                            785E     785E       14        C       0
                text122                            4D16     4D16       E2        C       0
                text121                            4ED4     4ED4       DC        C       0
                text120                            508A     508A       D4        C       0
                text119                            412C     412C      11A        C       0
                text118                            66E2     66E2       64        C       0
                text117                            5BCA     5BCA       94        C       0
                text116                            7220     7220       3C        C       0
                text115                            739C     739C       32        C       0
                text114                            4012     4012      11A        C       0
                text113                            792E     792E       10        C       0
                text112                            6A66     6A66       56        C       0
                text111                            6B12     6B12       54        C       0
                text110                            4770     4770       FE        C       0
                text109                            4C34     4C34       E2        C       0
                text108                            5E9A     5E9A       86        C       0
                text107                            1FBA     1FBA      2A4        C       0
                text106                            3A36     3A36      148        C       0
                text105                            5538     5538       BC        C       0
                text104                            74EA     74EA       2C        C       0
                text103                            4B4C     4B4C       E8        C       0
                text102                            4968     4968       F4        C       0
                text101                            59F2     59F2       A4        C       0
                text100                            435A     435A      10E        C       0
                text99                             55F4     55F4       B2        C       0
                text98                             5756     5756       AC        C       0
                text97                             377E     377E      166        C       0
                text96                             75BC     75BC       28        C       0
                text95                             6F94     6F94       46        C       0
                text94                             736A     736A       32        C       0
                text93                             725C     725C       38        C       0
                text92                             315C     315C      19A        C       0
                text91                             5FA6     5FA6       84        C       0
                text90                             53BC     53BC       C0        C       0
                text89                             638C     638C       72        C       0
                text88                             56A6     56A6       B0        C       0
                text87                             4FB0     4FB0       DA        C       0
                text86                             6EBC     6EBC       48        C       0
                text85                             685A     685A       58        C       0
                text84                             793E     793E        E        C       0
                text83                             2756     2756      25A        C       0
                text82                             7464     7464       2E        C       0
                text81                             6746     6746       60        C       0
                text80                             7594     7594       28        C       0
                text79                             7336     7336       34        C       0
                text78                             799E     799E        A        C       0
                text77                             775A     775A       1C        C       0
                text76                             72CC     72CC       36        C       0
                text75                             70A2     70A2       42        C       0
                text74                             60AC     60AC       7E        C       0
                text73                             74BE     74BE       2C        C       0
                text72                             646E     646E       70        C       0
                text71                             773E     773E       1C        C       0
                text70                               20       20      47C        C       0
                text69                              49C      49C      3F6        C       0
                text68                             16D6     16D6      2FA        C       0
                text67                             6CF8     6CF8       4E        C       0
                text66                             6B66     6B66       52        C       0
                text65                             7060     7060       42        C       0
                text64                             594E     594E       A4        C       0
                text63                             701E     701E       42        C       0
                text62                             52F8     52F8       C4        C       0
                text61                             7994     7994        A        C       0
                text60                             348C     348C      17C        C       0
                text59                             6E74     6E74       48        C       0
                text58                             798A     798A        A        C       0
                text57                             3608     3608      176        C       0
                text56                             602A     602A       82        C       0
                text55                             65B0     65B0       66        C       0
                text54                             103E     103E      36E        C       0
                text53                             7980     7980        A        C       0
                text52                             79CA     79CA        6        C       0
                text51                             7976     7976        A        C       0
                text50                             19D0     19D0      2F6        C       0
                text49                             78EA     78EA       12        C       0
                text48                             2DA8     2DA8      1DE        C       0
                text47                             2F86     2F86      1D6        C       0
                text46                             38E4     38E4      152        C       0
                text45                             3B7E     3B7E      12C        C       0
                text44                             522C     522C       CC        C       0
                text43                             760A     760A       26        C       0
                text42                             7656     7656       24        C       0
                text41                             6A10     6A10       56        C       0
                text40                             64DE     64DE       6A        C       0
                text39                             5CF2     5CF2       90        C       0
                text38                             7302     7302       34        C       0
                text37                             63FE     63FE       70        C       0
                text36                             796C     796C        A        C       0
                text35                             7962     7962        A        C       0
                text34                             7958     7958        A        C       0
                text33                             5D82     5D82       8C        C       0
                text32                             6C0A     6C0A       50        C       0
                text31                             7164     7164       40        C       0
                text30                             6802     6802       58        C       0
                text29                             6FDA     6FDA       44        C       0
                text28                             7700     7700       20        C       0
                text27                             756C     756C       28        C       0
                text26                             69BA     69BA       56        C       0
                text25                             24EE     24EE      268        C       0
                text24                             515E     515E       CE        C       0
                text23                             32F6     32F6      196        C       0
                text22                             29B0     29B0      1FE        C       0
                text21                             58AA     58AA       A4        C       0
                text20                             791E     791E       10        C       0
                text19                             61A8     61A8       7A        C       0
                text18                             6CAA     6CAA       4E        C       0
                text17                              C80      C80      3BE        C       0
                text16                             6D46     6D46       4C        C       0
                text15                             4246     4246      114        C       0
                text14                             7776     7776       18        C       0
                text13                             794C     794C        C        C       0
                text12                             71A4     71A4       3E        C       0
                text11                             76E0     76E0       20        C       0
                text10                             784A     784A       14        C       0
                text9                              4A5C     4A5C       F0        C       0
                text8                              7124     7124       40        C       0
                text7                              5B36     5B36       94        C       0
                text6                              75E4     75E4       26        C       0
                text5                              769C     769C       22        C       0
                text4                              767A     767A       22        C       0
                text3                              7492     7492       2C        C       0
                text2                              790E     790E       10        C       0
                text1                              486E     486E       FA        C       0
                text0                              4DF8     4DF8       DC        C       0
                cstackCOMRAM                          1        1       59        1       1
                cstackBANK0                          60       60       82       60       1
                bssBIGRAMll                         3DA      3DA      200      3DA       1
                bssBIGRAMlh                         800      800      400      800       1
                dataBANK3                           372      372       68      300       1
                bssBANK3                            300      300       72      300       1
                bssBANK2                            200      200       F4      200       1
                dataBANK1                           1B9      1B9       40      100       1
                bssBANK1                            100      100       B9      100       1
                dataBANK0                            FF       FF        1       60       1
                bssBANK0                             E2       E2       1D       60       1
                bssCOMRAM                            5A       5A        6        1       1
                cinit                              547C     547C       BC        C       0
                idataBANK3                         6548     6548       68        C       0
                idataBANK1                         70E4     70E4       40        C       0
                idataBANK0                         79DE     79DE        1        C       0

TOTAL           Name                               Link     Load   Length     Space
        CLASS   STACK          

        CLASS   CODE           
                intcodelo                            18       18        4         0
                intcode                               8        8        4         0
                init                                 1C       1C        4         0
                reset_vec                             0        0        4         0
                text189                            456E     456E      102         0
                text188                            667C     667C       66         0
                text187                            5A96     5A96       A0         0
                text186                            6222     6222       7A         0
                text185                            7542     7542       2A         0
                text184                            6DDE     6DDE       4C         0
                text183                            6D92     6D92       4C         0
                text182                            78D6     78D6       14         0
                text181                            78C2     78C2       14         0
                text180                            78AE     78AE       14         0
                text179                            789A     789A       14         0
                text178                            7886     7886       14         0
                text177                            7872     7872       14         0
                text176                            79D0     79D0        6         0
                text175                            6F4C     6F4C       48         0
                text174                            6BB8     6BB8       52         0
                text173                            3CAA     3CAA      126         0
                text172                            7834     7834       16         0
                text171                            781E     781E       16         0
                text170                            7806     7806       18         0
                text169                            77EE     77EE       18         0
                text168                            77D6     77D6       18         0
                text167                            77BE     77BE       18         0
                text166                            77A6     77A6       18         0
                text165                            778E     778E       18         0
                text164                            67A6     67A6       5C         0
                text163                            79C2     79C2        8         0
                text162                            79BA     79BA        8         0
                text161                            79B2     79B2        8         0
                text160                            6962     6962       58         0
                text159                            6F04     6F04       48         0
                text158                            7516     7516       2C         0
                text157                            612A     612A       7E         0
                text156                            71E2     71E2       3E         0
                text155                            7294     7294       38         0
                text154                            13AC     13AC      32A         0
                text153                            79DA     79DA        4         0
                text152                            7720     7720       1E         0
                text151                            78FC     78FC       12         0
                text150                            79A8     79A8        A         0
                text149                            5802     5802       A8         0
                text148                            5C5E     5C5E       94         0
                text147                            7432     7432       32         0
                text146                            690A     690A       58         0
                text145                            6ABC     6ABC       56         0
                text144                            76BE     76BE       22         0
                text143                            6314     6314       78         0
                text142                            7630     7630       26         0
                text141                            7400     7400       32         0
                text140                            5F20     5F20       86         0
                text139                            4468     4468      106         0
                text138                            3DD0     3DD0      122         0
                text137                            4670     4670      100         0
                text136                            2BAE     2BAE      1FA         0
                text135                            629C     629C       78         0
                text134                            68B2     68B2       58         0
                text133                            5E0E     5E0E       8C         0
                text132                            6C5A     6C5A       50         0
                text131                            6E2A     6E2A       4A         0
                text130                            73CE     73CE       32         0
                text129                            79D6     79D6        4         0
                text128                            1CC6     1CC6      2F4         0
                text127                             892      892      3EE         0
                text126                            6616     6616       66         0
                text125                            3EF2     3EF2      120         0
                text124                            225E     225E      290         0
                text123                            785E     785E       14         0
                text122                            4D16     4D16       E2         0
                text121                            4ED4     4ED4       DC         0
                text120                            508A     508A       D4         0
                text119                            412C     412C      11A         0
                text118                            66E2     66E2       64         0
                text117                            5BCA     5BCA       94         0
                text116                            7220     7220       3C         0
                text115                            739C     739C       32         0
                text114                            4012     4012      11A         0
                text113                            792E     792E       10         0
                text112                            6A66     6A66       56         0
                text111                            6B12     6B12       54         0
                text110                            4770     4770       FE         0
                text109                            4C34     4C34       E2         0
                text108                            5E9A     5E9A       86         0
                text107                            1FBA     1FBA      2A4         0
                text106                            3A36     3A36      148         0
                text105                            5538     5538       BC         0
                text104                            74EA     74EA       2C         0
                text103                            4B4C     4B4C       E8         0
                text102                            4968     4968       F4         0
                text101                            59F2     59F2       A4         0
                text100                            435A     435A      10E         0
                text99                             55F4     55F4       B2         0
                text98                             5756     5756       AC         0
                text97                             377E     377E      166         0
                text96                             75BC     75BC       28         0
                text95                             6F94     6F94       46         0
                text94                             736A     736A       32         0
                text93                             725C     725C       38         0
                text92                             315C     315C      19A         0
                text91                             5FA6     5FA6       84         0
                text90                             53BC     53BC       C0         0
                text89                             638C     638C       72         0
                text88                             56A6     56A6       B0         0
                text87                             4FB0     4FB0       DA         0
                text86                             6EBC     6EBC       48         0
                text85                             685A     685A       58         0
                text84                             793E     793E        E         0
                text83                             2756     2756      25A         0
                text82                             7464     7464       2E         0
                text81                             6746     6746       60         0
                text80                             7594     7594       28         0
                text79                             7336     7336       34         0
                text78                             799E     799E        A         0
                text77                             775A     775A       1C         0
                text76                             72CC     72CC       36         0
                text75                             70A2     70A2       42         0
                text74                             60AC     60AC       7E         0
                text73                             74BE     74BE       2C         0
                text72                             646E     646E       70         0
                text71                             773E     773E       1C         0
                text70                               20       20      47C         0
                text69                              49C      49C      3F6         0
                text68                             16D6     16D6      2FA         0
                text67                             6CF8     6CF8       4E         0
                text66                             6B66     6B66       52         0
                text65                             7060     7060       42         0
                text64                             594E     594E       A4         0
                text63                             701E     701E       42         0
                text62                             52F8     52F8       C4         0
                text61                             7994     7994        A         0
                text60                             348C     348C      17C         0
                text59                             6E74     6E74       48         0
                text58                             798A     798A        A         0
                text57                             3608     3608      176         0
                text56                             602A     602A       82         0
                text55                             65B0     65B0       66         0
                text54                             103E     103E      36E         0
                text53                             7980     7980        A         0
                text52                             79CA     79CA        6         0
                text51                             7976     7976        A         0
                text50                             19D0     19D0      2F6         0
                text49                             78EA     78EA       12         0
                text48                             2DA8     2DA8      1DE         0
                text47                             2F86     2F86      1D6         0
                text46                             38E4     38E4      152         0
                text45                             3B7E     3B7E      12C         0
                text44                             522C     522C       CC         0
                text43                             760A     760A       26         0
                text42                             7656     7656       24         0
                text41                             6A10     6A10       56         0
                text40                             64DE     64DE       6A         0
                text39                             5CF2     5CF2       90         0
                text38                             7302     7302       34         0
                text37                             63FE     63FE       70         0
                text36                             796C     796C        A         0
                text35                             7962     7962        A         0
                text34                             7958     7958        A         0
                text33                             5D82     5D82       8C         0
                text32                             6C0A     6C0A       50         0
                text31                             7164     7164       40         0
                text30                             6802     6802       58         0
                text29                             6FDA     6FDA       44         0
                text28                             7700     7700       20         0
                text27                             756C     756C       28         0
                text26                             69BA     69BA       56         0
                text25                             24EE     24EE      268         0
                text24                             515E     515E       CE         0
                text23                             32F6     32F6      196         0
                text22                             29B0     29B0      1FE         0
                text21                             58AA     58AA       A4         0
                text20                             791E     791E       10         0
                text19                             61A8     61A8       7A         0
                text18                             6CAA     6CAA       4E         0
                text17                              C80      C80      3BE         0
                text16                             6D46     6D46       4C         0
                text15                             4246     4246      114         0
                text14                             7776     7776       18         0
                text13                             794C     794C        C         0
                text12                             71A4     71A4       3E         0
                text11                             76E0     76E0       20         0
                text10                             784A     784A       14         0
                text9                              4A5C     4A5C       F0         0
                text8                              7124     7124       40         0
                text7                              5B36     5B36       94         0
                text6                              75E4     75E4       26         0
                text5                              769C     769C       22         0
                text4                              767A     767A       22         0
                text3                              7492     7492       2C         0
                text2                              790E     790E       10         0
                text1                              486E     486E       FA         0
                text0                              4DF8     4DF8       DC         0
                cinit                              547C     547C       BC         0
                idataBANK3                         6548     6548       68         0
                idataBANK1                         70E4     70E4       40         0
                idataBANK0                         79DE     79DE        1         0

        CLASS   CONST          

        CLASS   SMALLCONST     

        CLASS   MEDIUMCONST    
                mediumconst                        8CCC     8CCC      334         0

        CLASS   COMRAM         
                cstackCOMRAM                          1        1       59         1
                bssCOMRAM                            5A       5A        6         1

        CLASS   ABS1           
                abs_s1                              600      600      200         1
                abs_s1                              D00      D00       5F         1
                abs_s1                              D80      D80        D         1

        CLASS   BIGRAM         
                bssBIGRAMll                         3DA      3DA      200         1
                bssBIGRAMlh                         800      800      400         1

        CLASS   RAM            

        CLASS   BANK0          
                cstackBANK0                          60       60       82         1
                dataBANK0                            FF       FF        1         1
                bssBANK0                             E2       E2       1D         1

        CLASS   BANK1          
                dataBANK1                           1B9      1B9       40         1
                bssBANK1                            100      100       B9         1

        CLASS   BANK2          
                bssBANK2                            200      200       F4         1

        CLASS   BANK3          
                dataBANK3                           372      372       68         1
                bssBANK3                            300      300       72         1

        CLASS   BANK4          

        CLASS   BANK5          

        CLASS   BANK6          

        CLASS   BANK7          

        CLASS   BANK8          

        CLASS   BANK9          

        CLASS   BANK10         

        CLASS   BANK11         

        CLASS   BANK12         

        CLASS   BANK13         

        CLASS   BANK14         

        CLASS   SFR            

        CLASS   FARRAM         

        CLASS   CONFIG         
                config                            1FFF8    1FFF8        8         0

        CLASS   IDLOC          



SEGMENTS        Name                           Load    Length   Top    Selector   Space  Class

                reset_vec                      000000  000004  000004         0       0  CODE    
                cstackCOMRAM                   000001  00005F  000060         1       1  COMRAM  
                intcode                        000008  000004  00000C         4       0  CODE    
                intcodelo                      000018  0079C7  0079DF         C       0  CODE    
                cstackBANK0                    000060  0000A0  000100        60       1  BANK0   
                bssBANK1                       000100  0000F9  0001F9       100       1  BANK1   
                bssBANK2                       000200  0000F4  0002F4       200       1  BANK2   
                bssBANK3                       000300  0000DA  0003DA       300       1  BANK3   
                bssBIGRAMll                    0003DA  000200  0005DA       3DA       1  BIGRAM  
                bssBIGRAMlh                    000800  000400  000C00       800       1  BIGRAM  
                mediumconst                    008CCC  000334  009000      4666       0  MEDIUMCO
                config                         01FFF8  000008  020000     1FFF8       0  CONFIG  


UNUSED ADDRESS RANGES

        Name                Unused          Largest block    Delta
        BANK1            001F9-001FF               7
        BANK12           00C00-00CFF             100
        BANK13           00D5F-00D7F              21
                         00D8D-00DFF              73
        BANK14           00E00-00EAF              B0
        BANK2            002F4-002FF               C
        BANK5            005DA-005FF              26
        BIGRAM           001F9-001FF               7
                         002F4-002FF               C
                         005DA-005FF              26
                         00C00-00CFF             100
                         00D5F-00D7F              21
                         00D8D-00EAF             123
        CODE             00004-00007               4
                         0000C-00017               C
                         079DF-08CCB            12ED
        CONST            00004-00007               4
                         0000C-00017               C
                         079DF-08CCB            12ED
        MEDIUMCONST      079DF-08CCB            12ED
        RAM              001F9-001FF               7
                         002F4-002FF               C
                         005DA-005FF              26
                         00C00-00CFF             100
                         00D5F-00D7F              21
                         00D8D-00EAF              73
        SFR              00EB0-00FFF              60
        SMALLCONST       079DF-08CCB             100
        STACK            00D8D-00EAF             123

                                  Symbol Table

?_ExternalFlash_CapacityRead                          cstackCOMRAM  00001
?_ExternalFlash_MediaInitialize                       cstackCOMRAM  00001
?_ExternalFlash_SectorSizeRead                        cstackCOMRAM  00001
?_USBTransferOnePacket                                cstackCOMRAM  00001
?___lldiv                                             cstackCOMRAM  00001
?___llmod                                             cstackCOMRAM  00001
?___lwdiv                                             cstackCOMRAM  00001
?___lwmod                                             cstackCOMRAM  00001
?__flash_get_status                                   cstackCOMRAM  0000D
?__read_fat                                           cstackCOMRAM  00028
?__sector_from_cluster                                cstackCOMRAM  00001
?_bootloader_get_entries                              cstackCOMRAM  00001
?_bootloader_get_file_size                            cstackCOMRAM  00001
?_bootloader_get_flashPagesWritten                    cstackCOMRAM  00001
?_bootloader_get_rec_address                          cstackCOMRAM  00001
?_bootloader_get_total_entries                        cstackCOMRAM  00001
?_fat_get_file_size                                   cstackCOMRAM  00028
?_hexCharsToUint16                                    cstackCOMRAM  00003
?_internalFlash_addressFromPage                       cstackCOMRAM  00001
?_internalFlash_addressWithinPage                     cstackCOMRAM  00009
?_internalFlash_getBuffer                             cstackCOMRAM  00001
?_internalFlash_pageFromAddress                       cstackCOMRAM  00001
?_parseHexFileEntry                                   cstackCOMRAM  0000C
?_strncmp                                             cstackCOMRAM  00001
APP_DeviceCustomHIDTasks@idx                          cstackCOMRAM  00037
APP_DeviceCustomHIDTasks@return_value                 cstackCOMRAM  00035
ExternalFlash_CapacityRead@config                     cstackCOMRAM  00001
ExternalFlash_MediaDetect@config                      cstackCOMRAM  00001
ExternalFlash_MediaInitialize@config                  cstackCOMRAM  00001
ExternalFlash_SectorRead@buffer                       cstackCOMRAM  00032
ExternalFlash_SectorRead@config                       cstackCOMRAM  0002C
ExternalFlash_SectorRead@page                         cstackCOMRAM  00034
ExternalFlash_SectorRead@sector_addr                  cstackCOMRAM  0002E
ExternalFlash_SectorSizeRead@config                   cstackCOMRAM  00001
ExternalFlash_SectorWrite@allowWriteToZero            cstackCOMRAM  0002D
ExternalFlash_SectorWrite@buffer                      cstackCOMRAM  0002B
ExternalFlash_SectorWrite@config                      cstackCOMRAM  00025
ExternalFlash_SectorWrite@page                        cstackCOMRAM  0002E
ExternalFlash_SectorWrite@sector_addr                 cstackCOMRAM  00027
ExternalFlash_WriteProtectStateGet@config             cstackCOMRAM  00001
MSDCheckForErrorCases@DeviceBytes                     cstackCOMRAM  0000B
MSDCheckForErrorCases@DeviceNoData                    cstackCOMRAM  00011
MSDCheckForErrorCases@HostMoreDataThanDevice          cstackCOMRAM  0000F
MSDCheckForErrorCases@MSDErrorCase                    cstackCOMRAM  00010
MSDComputeDeviceInAndResidue@DiExpected               cstackCOMRAM  00001
MSDErrorHandler@ErrorCase                             cstackCOMRAM  00009
MSDErrorHandler@OldMSD_State                          cstackCOMRAM  0000A
MSDProcessCommandMediaPresent@NumBytesInPacket        cstackCOMRAM  0003E
MSDProcessCommandMediaPresent@capacity                cstackCOMRAM  00043
MSDProcessCommandMediaPresent@i                       cstackCOMRAM  00047
MSDProcessCommandMediaPresent@sectorSize              cstackCOMRAM  0003F
MSDTasks@i                                            cstackCOMRAM  00052
MSDTransferTerminated@handle                          cstackCOMRAM  0000C
SYSTEM_Initialize@pll_startup_counter                 cstackCOMRAM  00001
SYSTEM_Initialize@pll_startup_counter_2822            cstackCOMRAM  00003
SYSTEM_Initialize@state                               cstackCOMRAM  00005
USBConfigureEndpoint@EPNum                            cstackCOMRAM  00006
USBConfigureEndpoint@direction                        cstackCOMRAM  00001
USBConfigureEndpoint@handle                           cstackCOMRAM  00007
USBCtrlTrfInHandler@lastDTS                           cstackCOMRAM  00002
USBCtrlTrfRxService@byteToRead                        cstackCOMRAM  00002
USBCtrlTrfRxService@i                                 cstackCOMRAM  00001
USBCtrlTrfTxService@byteToSend                        cstackCOMRAM  00001
USBDeviceInit@i                                       cstackCOMRAM  00009
USBDeviceTasks@i                                      cstackCOMRAM  00020
USBEnableEndpoint@ep                                  cstackCOMRAM  0000C
USBEnableEndpoint@options                             cstackCOMRAM  00009
USBEnableEndpoint@p                                   cstackCOMRAM  0000A
USBStallEndpoint@dir                                  cstackCOMRAM  00001
USBStallEndpoint@ep                                   cstackCOMRAM  00006
USBStallEndpoint@p                                    cstackCOMRAM  00007
USBStdFeatureReqHandler@current_ep_data               cstackCOMRAM  0001B
USBStdFeatureReqHandler@p                             cstackCOMRAM  0001C
USBStdFeatureReqHandler@pUEP                          cstackCOMRAM  00019
USBStdGetStatusHandler@p                              cstackCOMRAM  00002
USBStdSetCfgHandler@i                                 cstackCOMRAM  00018
USBTransferOnePacket@data                             cstackCOMRAM  00002
USBTransferOnePacket@dir                              cstackCOMRAM  00001
USBTransferOnePacket@ep                               cstackCOMRAM  00009
USBTransferOnePacket@handle                           cstackCOMRAM  0000A
USBTransferOnePacket@len                              cstackCOMRAM  00004
USER_USB_CALLBACK_EVENT_HANDLER@event                 cstackCOMRAM  00010
USER_USB_CALLBACK_EVENT_HANDLER@pdata                 cstackCOMRAM  00012
USER_USB_CALLBACK_EVENT_HANDLER@size                  cstackCOMRAM  00014
_ANCON0bits                                           (abs)         00F48
_ANCON1bits                                           (abs)         00F49
_APP_DeviceCustomHIDInitialize                        text115       0739C
_APP_DeviceCustomHIDTasks                             text154       013AC
_APP_DeviceMSDInitialize                              text113       0792E
_APP_DeviceMSDTasks                                   text123       0785E
_BDT                                                  (abs)         00D00
_BothEP0OutUOWNsSet                                   bssBANK1      00194
_CtrlTrfData                                          (abs)         00D38
_DMABCH                                               (abs)         00F66
_DMABCL                                               (abs)         00F67
_DMACON1bits                                          (abs)         00F88
_DMACON2bits                                          (abs)         00F86
_EECON1                                               (abs)         00FA6
_EECON1bits                                           (abs)         00FA6
_EECON2                                               (abs)         00FA7
_ExternalFlash_CapacityRead                           text151       078FC
_ExternalFlash_MediaDetect                            text153       079DA
_ExternalFlash_MediaInitialize                        text152       07720
_ExternalFlash_SectorRead                             text141       07400
_ExternalFlash_SectorSizeRead                         text150       079A8
_ExternalFlash_SectorWrite                            text130       073CE
_ExternalFlash_WriteProtectStateGet                   text129       079D6
_FileAddress                                          bssBANK1      00163
_INTCON                                               (abs)         00FF2
_INTCON2bits                                          (abs)         00FF1
_INTCON3bits                                          (abs)         00FF0
_INTCONbits                                           (abs)         00FF2
_LATAbits                                             (abs)         00F89
_LATBbits                                             (abs)         00F8A
_LATCbits                                             (abs)         00F8B
_LATDbits                                             (abs)         00F8C
_LATEbits                                             (abs)         00F8D
_LBA                                                  bssBANK1      0015B
_LUN                                                  dataBANK1     001B9
_MSBBufferIndex                                       bssBANK1      0017A
_MSDCBWValid                                          bssBANK1      00187
_MSDCheckForErrorCases                                text137       04670
_MSDCommandState                                      bssBANK0      000F9
_MSDComputeDeviceInAndResidue                         text149       05802
_MSDErrorHandler                                      text138       03DD0
_MSDHostNoData                                        bssBANK0      000F8
_MSDProcessCommand                                    text125       03EF2
_MSDProcessCommandMediaAbsent                         text126       06616
_MSDProcessCommandMediaPresent                        text127       00892
_MSDProcessCommandMediaPresent$2387                   cstackCOMRAM  0003C
_MSDReadHandler                                       text136       02BAE
_MSDReadState                                         bssBANK1      0018C
_MSDRetryAttempt                                      bssBANK1      0018A
_MSDTasks                                             text124       0225E
_MSDTasks$2369                                        cstackCOMRAM  0004E
_MSDTasks$2370                                        cstackCOMRAM  00050
_MSDTransferTerminated                                text112       06A66
_MSDTransferTerminated$2404                           cstackCOMRAM  0000E
_MSDWriteHandler                                      text128       01CC6
_MSDWriteState                                        bssBANK1      0018B
_MSD_State                                            bssBANK1      0018D
_OSCCON                                               (abs)         00FD3
_OSCTUNEbits                                          (abs)         00F9B
_PIE2bits                                             (abs)         00FA0
_PIR1bits                                             (abs)         00F9E
_PIR2bits                                             (abs)         00FA1
_PORTAbits                                            (abs)         00F80
_PORTBbits                                            (abs)         00F81
_PPSCONbits                                           (abs)         00EBF
_RPINR1                                               (abs)         00EE1
_RPINR2                                               (abs)         00EE2
_RPINR21                                              (abs)         00EFC
_RPINR22                                              (abs)         00EFD
_RPINR3                                               (abs)         00EE3
_RPOR21                                               (abs)         00ED5
_RPOR22                                               (abs)         00ED6
_RTCCAL                                               (abs)         00F3E
_RTCCFGbits                                           (abs)         00F3F
_RTCVALH                                              (abs)         00F3B
_RTCVALL                                              (abs)         00F3A
_RXADDRH                                              (abs)         00F68
_RXADDRL                                              (abs)         00F69
_ReceivedDataBuffer                                   bssBANK3      00300
_RemoteWakeup                                         bssBANK1      00197
_ResetSenseData                                       text140       05F20
_SSP1ADD                                              (abs)         00FC8
_SSP1BUF                                              (abs)         00FC9
_SSP1CON1bits                                         (abs)         00FC6
_SSP1CON2bits                                         (abs)         00FC5
_SSP1STATbits                                         (abs)         00FC7
_SSP2CON1bits                                         (abs)         00F72
_SSP2STATbits                                         (abs)         00F73
_SYSTEM_Initialize                                    text111       06B12
_SetupPkt                                             (abs)         00D30
_SoftDetach                                           bssBANK1      00188
_T0CONbits                                            (abs)         00FD5
_T1CONbits                                            (abs)         00FCD
_TABLAT                                               (abs)         00FF5
_TBLPTR                                               (abs)         00FF6
_TMR0H                                                (abs)         00FD7
_TMR0L                                                (abs)         00FD6
_TMR1H                                                (abs)         00FCF
_TMR1L                                                (abs)         00FCE
_TRISAbits                                            (abs)         00F92
_TRISBbits                                            (abs)         00F93
_TRISCbits                                            (abs)         00F94
_TRISDbits                                            (abs)         00F95
_TRISEbits                                            (abs)         00F96
_TXADDRH                                              (abs)         00F6A
_TXADDRL                                              (abs)         00F6B
_ToSendDataBuffer                                     bssBANK2      002B4
_TransferLength                                       bssBANK1      00176
_UADDR                                                (abs)         00F38
_UCFG                                                 (abs)         00F39
_UCON                                                 (abs)         00F65
_UCONbits                                             (abs)         00F65
_UEIE                                                 (abs)         00F37
_UEIR                                                 (abs)         00F63
_UEP0                                                 (abs)         00F26
_UEP0bits                                             (abs)         00F26
_UEP1                                                 (abs)         00F27
_UIE                                                  (abs)         00F36
_UIEbits                                              (abs)         00F36
_UIR                                                  (abs)         00F62
_UIRbits                                              (abs)         00F62
_USB1msTickCount                                      bssBANK1      0015F
_USBActiveConfiguration                               bssBANK0      000FE
_USBAlternateInterface                                bssBANK1      001B5
_USBBusIsSuspended                                    bssBANK1      00196
_USBCheckHIDRequest                                   text110       04770
_USBCheckMSDRequest                                   text109       04C34
_USBCheckMSDRequest$2316                              cstackCOMRAM  0000C
_USBCheckMSDRequest$2317                              cstackCOMRAM  0000E
_USBCheckStdRequest                                   text102       04968
_USBConfigureEndpoint                                 text117       05BCA
_USBCtrlEPAllowDataStage                              text101       059F2
_USBCtrlEPAllowStatusStage                            text120       0508A
_USBCtrlEPService                                     text98        05756
_USBCtrlEPServiceComplete                             text100       0435A
_USBCtrlTrfInHandler                                  text121       04ED4
_USBCtrlTrfOutHandler                                 text118       066E2
_USBCtrlTrfRxService                                  text119       0412C
_USBCtrlTrfSetupHandler                               text99        055F4
_USBCtrlTrfTxService                                  text122       04D16
_USBDeferINDataStagePackets                           bssBANK1      00190
_USBDeferOUTDataStagePackets                          bssBANK1      0018F
_USBDeferStatusStagePacket                            bssBANK0      000FA
_USBDeviceInit                                        text97        0377E
_USBDeviceState                                       bssBANK0      000FC
_USBDeviceTasks                                       text92        0315C
_USBEnableEndpoint                                    text116       07220
_USBInHandle                                          bssCOMRAM     0005A
_USBIncrement1msInternalTimers                        text96        075BC
_USBMSDInHandle                                       bssBANK0      000F4
_USBMSDInit                                           text114       04012
_USBMSDOutHandle                                      bssBANK0      000F6
_USBOutHandle                                         bssBANK1      00174
_USBStallEndpoint                                     text139       04468
_USBStallHandler                                      text95        06F94
_USBStatusStageEnabledFlag1                           bssBANK1      00192
_USBStatusStageEnabledFlag2                           bssBANK1      00191
_USBStatusStageTimeoutCounter                         bssBANK1      00193
_USBStdFeatureReqHandler                              text107       01FBA
_USBStdGetDscHandler                                  text106       03A36
_USBStdGetStatusHandler                               text105       05538
_USBStdSetCfgHandler                                  text103       04B4C
_USBSuspend                                           text94        0736A
_USBTicksSinceSuspendEnd                              bssBANK1      0018E
_USBTransferOnePacket                                 text189       0456E
_USBWakeFromSuspend                                   text93        0725C
_USB_CD_Ptr                                           mediumconst   08EA5
_USB_SD_Ptr                                           mediumconst   08E7B
_USER_USB_CALLBACK_EVENT_HANDLER                      text108       05E9A
_USTAT                                                (abs)         00F64
_USTATcopy                                            bssBANK0      000FD
__CFG_ADCSEL$BIT10                                    (abs)         00000
__CFG_CFGPLLEN$ON                                     (abs)         00000
__CFG_CLKOEC$OFF                                      (abs)         00000
__CFG_CP0$OFF                                         (abs)         00000
__CFG_CPUDIV$OSC1                                     (abs)         00000
__CFG_DSBOREN$OFF                                     (abs)         00000
__CFG_DSWDTEN$OFF                                     (abs)         00000
__CFG_DSWDTOSC$INTOSCREF                              (abs)         00000
__CFG_DSWDTPS$8192                                    (abs)         00000
__CFG_FCMEN$OFF                                       (abs)         00000
__CFG_IESO$ON                                         (abs)         00000
__CFG_IOL1WAY$OFF                                     (abs)         00000
__CFG_LS48MHZ$SYS48X8                                 (abs)         00000
__CFG_MSSP7B_EN$MSK7                                  (abs)         00000
__CFG_OSC$HSPLL                                       (abs)         00000
__CFG_PLLDIV$2                                        (abs)         00000
__CFG_RTCOSC$T1OSCREF                                 (abs)         00000
__CFG_SOSCSEL$HIGH                                    (abs)         00000
__CFG_STVREN$ON                                       (abs)         00000
__CFG_WDTEN$OFF                                       (abs)         00000
__CFG_WDTPS$32768                                     (abs)         00000
__CFG_WPCFG$OFF                                       (abs)         00000
__CFG_WPDIS$OFF                                       (abs)         00000
__CFG_WPEND$PAGE_0                                    (abs)         00000
__CFG_WPFP$PAGE_1                                     (abs)         00000
__CFG_XINST$OFF                                       (abs)         00000
__HRAM                                                (abs)         00000
__Habs1                                               abs1          00000
__Hbank0                                              bank0         00000
__Hbank1                                              bank1         00000
__Hbank10                                             bank10        00000
__Hbank11                                             bank11        00000
__Hbank12                                             bank12        00000
__Hbank13                                             bank13        00000
__Hbank14                                             bank14        00000
__Hbank2                                              bank2         00000
__Hbank3                                              bank3         00000
__Hbank4                                              bank4         00000
__Hbank5                                              bank5         00000
__Hbank6                                              bank6         00000
__Hbank7                                              bank7         00000
__Hbank8                                              bank8         00000
__Hbank9                                              bank9         00000
__Hbigbss                                             bigbss        00000
__Hbigdata                                            bigdata       00000
__Hbigram                                             bigram        00000
__Hbss                                                bss           00000
__HbssBANK0                                           bssBANK0      00000
__HbssBANK1                                           bssBANK1      00000
__HbssBANK2                                           bssBANK2      00000
__HbssBANK3                                           bssBANK3      00000
__HbssBIGRAMlh                                        bssBIGRAMlh   00000
__HbssBIGRAMll                                        bssBIGRAMll   00000
__HbssCOMRAM                                          bssCOMRAM     00000
__Hcinit                                              cinit         00000
__Hclrtext                                            clrtext       00000
__Hcomram                                             comram        00000
__Hconfig                                             config        20000
__Hconst                                              const         00000
__HcstackBANK0                                        cstackBANK0   00000
__HcstackCOMRAM                                       cstackCOMRAM  00000
__Hdata                                               data          00000
__HdataBANK0                                          dataBANK0     00000
__HdataBANK1                                          dataBANK1     00000
__HdataBANK3                                          dataBANK3     00000
__Hfarbss                                             farbss        00000
__Hfardata                                            fardata       00000
__Hibigdata                                           ibigdata      00000
__Hidata                                              idata         00000
__HidataBANK0                                         idataBANK0    00000
__HidataBANK1                                         idataBANK1    00000
__HidataBANK3                                         idataBANK3    00000
__Hidloc                                              idloc         00000
__Hifardata                                           ifardata      00000
__Hinit                                               init          00020
__Hintcode                                            intcode       0000C
__Hintcode_body                                       intcode_body  00000
__Hintcodelo                                          intcodelo     0001C
__Hintentry                                           intentry      00000
__Hintret                                             intret        00000
__Hintsave_regs                                       intsave_regs  00000
__Hirdata                                             irdata        00000
__Hjflash_buffer                                      jflash_buffer 1F800
__Hmediumconst                                        mediumconst   09000
__HnvFARRAM                                           nvFARRAM      00000
__Hnvbit                                              nvbit         00000
__Hnvrram                                             nvrram        00000
__Hparam                                              rparam        00000
__Hpowerup                                            powerup       0001C
__Hram                                                ram           00000
__Hramtop                                             ramtop        00F00
__Hrbit                                               rbit          00000
__Hrbss                                               rbss          00000
__Hrdata                                              rdata         00000
__Hreset_vec                                          reset_vec     00004
__Hrparam                                             rparam        00000
__Hsfr                                                sfr           00000
__Hsmallconst                                         smallconst    00000
__Hspace_0                                            (abs)         20000
__Hspace_1                                            (abs)         00C00
__Hspace_2                                            (abs)         00000
__Hstack                                              stack         00000
__Hstruct                                             struct        00000
__Htemp                                               temp          00000
__Htext                                               text          00000
__Htext0                                              text0         00000
__Htext1                                              text1         00000
__Htext10                                             text10        00000
__Htext100                                            text100       00000
__Htext101                                            text101       00000
__Htext102                                            text102       00000
__Htext103                                            text103       00000
__Htext104                                            text104       00000
__Htext105                                            text105       00000
__Htext106                                            text106       00000
__Htext107                                            text107       00000
__Htext108                                            text108       00000
__Htext109                                            text109       00000
__Htext11                                             text11        00000
__Htext110                                            text110       00000
__Htext111                                            text111       00000
__Htext112                                            text112       00000
__Htext113                                            text113       00000
__Htext114                                            text114       00000
__Htext115                                            text115       00000
__Htext116                                            text116       00000
__Htext117                                            text117       00000
__Htext118                                            text118       00000
__Htext119                                            text119       00000
__Htext12                                             text12        00000
__Htext120                                            text120       00000
__Htext121                                            text121       00000
__Htext122                                            text122       00000
__Htext123                                            text123       00000
__Htext124                                            text124       00000
__Htext125                                            text125       00000
__Htext126                                            text126       00000
__Htext127                                            text127       00000
__Htext128                                            text128       00000
__Htext129                                            text129       00000
__Htext13                                             text13        00000
__Htext130                                            text130       00000
__Htext131                                            text131       00000
__Htext132                                            text132       00000
__Htext133                                            text133       00000
__Htext134                                            text134       00000
__Htext135                                            text135       00000
__Htext136                                            text136       00000
__Htext137                                            text137       00000
__Htext138                                            text138       00000
__Htext139                                            text139       00000
__Htext14                                             text14        00000
__Htext140                                            text140       00000
__Htext141                                            text141       00000
__Htext142                                            text142       00000
__Htext143                                            text143       00000
__Htext144                                            text144       00000
__Htext145                                            text145       00000
__Htext146                                            text146       00000
__Htext147                                            text147       00000
__Htext148                                            text148       00000
__Htext149                                            text149       00000
__Htext15                                             text15        00000
__Htext150                                            text150       00000
__Htext151                                            text151       00000
__Htext152                                            text152       00000
__Htext153                                            text153       00000
__Htext154                                            text154       00000
__Htext155                                            text155       00000
__Htext156                                            text156       00000
__Htext157                                            text157       00000
__Htext158                                            text158       00000
__Htext159                                            text159       00000
__Htext16                                             text16        00000
__Htext160                                            text160       00000
__Htext161                                            text161       00000
__Htext162                                            text162       00000
__Htext163                                            text163       00000
__Htext164                                            text164       00000
__Htext165                                            text165       00000
__Htext166                                            text166       00000
__Htext167                                            text167       00000
__Htext168                                            text168       00000
__Htext169                                            text169       00000
__Htext17                                             text17        00000
__Htext170                                            text170       00000
__Htext171                                            text171       00000
__Htext172                                            text172       00000
__Htext173                                            text173       00000
__Htext174                                            text174       00000
__Htext175                                            text175       00000
__Htext176                                            text176       00000
__Htext177                                            text177       00000
__Htext178                                            text178       00000
__Htext179                                            text179       00000
__Htext18                                             text18        00000
__Htext180                                            text180       00000
__Htext181                                            text181       00000
__Htext182                                            text182       00000
__Htext183                                            text183       00000
__Htext184                                            text184       00000
__Htext185                                            text185       00000
__Htext186                                            text186       00000
__Htext187                                            text187       00000
__Htext188                                            text188       00000
__Htext189                                            text189       00000
__Htext19                                             text19        00000
__Htext190                                            text190       00000
__Htext2                                              text2         00000
__Htext20                                             text20        00000
__Htext21                                             text21        00000
__Htext22                                             text22        00000
__Htext23                                             text23        00000
__Htext24                                             text24        00000
__Htext25                                             text25        00000
__Htext26                                             text26        00000
__Htext27                                             text27        00000
__Htext28                                             text28        00000
__Htext29                                             text29        00000
__Htext3                                              text3         00000
__Htext30                                             text30        00000
__Htext31                                             text31        00000
__Htext32                                             text32        00000
__Htext33                                             text33        00000
__Htext34                                             text34        00000
__Htext35                                             text35        00000
__Htext36                                             text36        00000
__Htext37                                             text37        00000
[...]
      Totals:         0       0       0       0       0       0       0       0       0       0       0       0       0       0       0
Total ram usage:        0 bytes
 Hardware stack levels used:    1
 Hardware stack levels required when called:    1
 This function calls:
		_memcpy
 This function is called by:
		_APP_DeviceCustomHIDTasks
 This function uses a non-reentrant model


 *************** function _memcpy *****************
 Defined at:
		line 27 in file "C:\Program Files (x86)\Microchip\xc8\v1.42\sources\common\memcpy.c"
 Parameters:    Size  Location     Type
  d1              2    0[COMRAM] PTR void 
		 -> pageBuffer(1024), _bootloader_verify_program_memory@buffer(16), fat_create_file@root_entry(32), _flash_set_page_size@command(4), 
		 -> ToSendDataBuffer(64), msd_buffer(512), SetupPkt(8), 
  s1              3    2[COMRAM] PTR const void 
		 -> ROM(36863), flash_command_pagesize_528(4), flash_command_pagesize_512(4), calibrationParameters(84), 
		 -> inq_resp(36), CtrlTrfData(8), RAM(3759), SetupPkt(8), 
  n               2    5[COMRAM] unsigned int 
 Auto vars:     Size  Location     Type
  s               3    7[COMRAM] PTR const unsigned char 
		 -> ROM(36863), flash_command_pagesize_528(4), flash_command_pagesize_512(4), calibrationParameters(84), 
		 -> inq_resp(36), CtrlTrfData(8), RAM(3759), SetupPkt(8), 
  d               2   10[COMRAM] PTR unsigned char 
		 -> pageBuffer(1024), _bootloader_verify_program_memory@buffer(16), fat_create_file@root_entry(32), _flash_set_page_size@command(4), 
		 -> ToSendDataBuffer(64), msd_buffer(512), SetupPkt(8), 
  tmp             1   12[COMRAM] unsigned char 
 Return value:  Size  Location     Type
                  2    0[COMRAM] PTR void 
 Registers used:
		wreg, fsr0l, fsr0h, fsr2l, fsr2h, status,2, status,0, tblptrl, tblptrh, tblptru
 Tracked objects:
		On entry : 
		On exit  : 
		Unchanged: 
 Data sizes:     COMRAM   BANK0   BANK1   BANK2   BANK3   BANK4   BANK5   BANK8   BANK9  BANK10  BANK11  BANK12 BANK13h BANK13l  BANK14
      Params:         7       0       0       0       0       0       0       0       0       0       0       0       0       0       0
      Locals:         6       0       0       0       0       0       0       0       0       0       0       0       0       0       0
      Temps:          0       0       0       0       0       0       0       0       0       0       0       0       0       0       0
      Totals:        13       0       0       0       0       0       0       0       0       0       0       0       0       0       0
Total ram usage:       13 bytes
 Hardware stack levels used:    1
 This function calls:
		Nothing
 This function is called by:
		_USBCtrlEPService
		_MSDProcessCommandMediaPresent
		__fill_buffer_get_calibration1
		__fill_buffer_get_calibration2
		__flash_set_page_size
		_internalFlash_read
		_fat_create_file
 This function uses a non-reentrant model


 *************** function _USBTransferOnePacket *****************
 Defined at:
		line 995 in file "usb_device.c"
 Parameters:    Size  Location     Type
  ep              1    wreg     unsigned char 
  dir             1    0[COMRAM] unsigned char 
  data            2    1[COMRAM] PTR unsigned char 
		 -> ToSendDataBuffer(64), ReceivedDataBuffer(64), msd_buffer(512), msd_csw(13), 
		 -> msd_cbw(31), NULL(0), 
  len             1    3[COMRAM] unsigned char 
 Auto vars:     Size  Location     Type
  ep              1    8[COMRAM] unsigned char 
  handle          2    9[COMRAM] PTR volatile struct __BD
		 -> RAM(3759), NULL(0), BDT(48), 
 Return value:  Size  Location     Type
                  2    0[COMRAM] PTR void 
 Registers used:
		wreg, fsr2l, fsr2h, status,2, status,0, prodl, prodh
 Tracked objects:
		On entry : 
		On exit  : 
		Unchanged: 
 Data sizes:     COMRAM   BANK0   BANK1   BANK2   BANK3   BANK4   BANK5   BANK8   BANK9  BANK10  BANK11  BANK12 BANK13h BANK13l  BANK14
      Params:         4       0       0       0       0       0       0       0       0       0       0       0       0       0       0
      Locals:         3       0       0       0       0       0       0       0       0       0       0       0       0       0       0
      Temps:          4       0       0       0       0       0       0       0       0       0       0       0       0       0       0
      Totals:        11       0       0       0       0       0       0       0       0       0       0       0       0       0       0
Total ram usage:       11 bytes
 Hardware stack levels used:    1
 This function calls:
		Nothing
 This function is called by:
		_USBMSDInit
		_USBCheckMSDRequest
		_MSDTasks
		_MSDProcessCommandMediaPresent
		_MSDReadHandler
		_MSDWriteHandler
		_MSDTransferTerminated
		_APP_DeviceCustomHIDInitialize
		_APP_DeviceCustomHIDTasks
 This function uses a non-reentrant model



MODULE INFORMATION

Module		Function		Class		Link	Load	Size
C:\Program Files (x86)\Microchip\xc8\v1.42\sources\common\memcpy.c
		_memcpy        		CODE           	667C	0000	103

C:\Program Files (x86)\Microchip\xc8\v1.42\sources\common\memcpy.c estimated size: 103

usb_device_hid.c
		_USBCheckHIDRequest		CODE           	4770	0000	255

usb_device_hid.c estimated size: 255

C:\Program Files (x86)\Microchip\xc8\v1.42\sources\common\lwdiv.c
		___lwdiv       		CODE           	6B66	0000	83

C:\Program Files (x86)\Microchip\xc8\v1.42\sources\common\lwdiv.c estimated size: 83

rtcc.c
		_rtcc_get_minutes		CODE           	78AE	0000	21
		_rtcc_set_day  		CODE           	7806	0000	25
		__rtcc_write_enable		CODE           	781E	0000	23
		_rtcc_set_year 		CODE           	778E	0000	25
		_rtcc_get_month		CODE           	789A	0000	21
		_rtcc_set_seconds		CODE           	77A6	0000	25
		_rtcc_get_hours		CODE           	78C2	0000	21
		_rtcc_set_minutes		CODE           	77D6	0000	25
		_rtcc_set_month		CODE           	77BE	0000	25
		_rtcc_set_hours		CODE           	77EE	0000	25
		__rtcc_write_disable		CODE           	7834	0000	23
		_rtcc_write_eeprom		CODE           	71E2	0000	63
		_rtcc_init     		CODE           	76E0	0000	33
		_rtcc_read_eeprom		CODE           	71A4	0000	63
		_rtcc_get_day  		CODE           	78D6	0000	21
		_rtcc_get_year 		CODE           	7872	0000	21
		_rtcc_get_seconds		CODE           	7886	0000	21

rtcc.c estimated size: 481

C:\Program Files (x86)\Microchip\xc8\v1.42\sources\common\lldiv.c
		___lldiv       		CODE           	602A	0000	131

C:\Program Files (x86)\Microchip\xc8\v1.42\sources\common\lldiv.c estimated size: 131

i2c.c
		_i2c_eeprom_write		CODE           	612A	0000	127
		__i2c_eeprom_load_default_calibration		CODE           	0C80	0000	959
		__i2c_read     		CODE           	5D82	0000	141
		_i2c_eeprom_tasks		CODE           	63FE	0000	113
		_i2c_display_write_fixed		CODE           	6A10	0000	87
		__i2c_not_acknowledge		CODE           	7958	0000	11
		__i2c_get      		CODE           	7962	0000	11
		__i2c_wait_idle		CODE           	6962	0000	89
		_i2c_display_send_init_sequence		CODE           	7492	0000	45
		__write_calibration		CODE           	5CF2	0000	145
		_i2c_digipot_reset_off		CODE           	769C	0000	35
		__i2c_send     		CODE           	79C2	0000	9
		_i2c_eeprom_read		CODE           	6D46	0000	77
		_i2c_set_frequency		CODE           	7516	0000	45
		_schedule_eeprom_write_task		CODE           	6BB8	0000	83
		_i2c_digipot_reset_on		CODE           	767A	0000	35
		__ic2_display_set_address		CODE           	760A	0000	39
		_i2c_eeprom_read_calibration		CODE           	4246	0000	277
		__i2c_open_1   		CODE           	7776	0000	25
		__i2c_stop     		CODE           	79B2	0000	9
		_i2c_digipot_backlight		CODE           	75E4	0000	39
		__i2c_write    		CODE           	6F04	0000	73
		__i2c_start    		CODE           	79BA	0000	9
		_i2c_init      		CODE           	794C	0000	13
		_i2c_eeprom_readByte		CODE           	6C0A	0000	81
		_get_next_eeprom_write_task		CODE           	7302	0000	53
		__i2c_acknowledge		CODE           	796C	0000	11
		_i2c_display_cursor		CODE           	7656	0000	37
		_i2c_eeprom_writeByte		CODE           	7164	0000	65

i2c.c estimated size: 2743

app_device_msd.c
		_APP_DeviceMSDInitialize		CODE           	792E	0000	17
		_APP_DeviceMSDTasks		CODE           	785E	0000	21

app_device_msd.c estimated size: 38

C:\Program Files (x86)\Microchip\xc8\v1.42\sources\common\strncmp.c
		_strncmp       		CODE           	5FA6	0000	133

C:\Program Files (x86)\Microchip\xc8\v1.42\sources\common\strncmp.c estimated size: 133

ui.c
		_ui_get_status 		CODE           	79D0	0000	7
		_ui_run        		CODE           	486E	0000	251
		_ui_init       		CODE           	784A	0000	21
		__ui_encoder   		CODE           	5B36	0000	149

ui.c estimated size: 428

bootloader.c
		_bootloader_run		CODE           	6CF8	0000	79
		_bootloader_get_error		CODE           	79CA	0000	7
		__bootloader_program		CODE           	049C	0000	1015
		_bootloader_get_flashPagesWritten		CODE           	798A	0000	11
		_bootloader_get_entries		CODE           	7980	0000	11
		__bootloader_verify_file		CODE           	16D6	0000	763
		__bootloader_find_file		CODE           	56A6	0000	177
		_bootloader_get_rec_address		CODE           	7976	0000	11
		_bootloader_get_file_size		CODE           	78EA	0000	19
		_bootloader_get_total_entries		CODE           	7994	0000	11
		__bootloader_check_address		CODE           	4FB0	0000	219

bootloader.c estimated size: 2323

app_device_custom_hid.c
		__fill_buffer_get_status		CODE           	6F4C	0000	73
		_APP_DeviceCustomHIDTasks		CODE           	13AC	0000	811
		_APP_DeviceCustomHIDInitialize		CODE           	739C	0000	51
		__parse_command_long		CODE           	67A6	0000	93
		__parse_command_calibration		CODE           	3CAA	0000	295
		__fill_buffer_get_display1		CODE           	6DDE	0000	77
		__fill_buffer_get_display2		CODE           	6D92	0000	77
		__fill_buffer_get_calibration1		CODE           	5A96	0000	161
		__fill_buffer_get_calibration2		CODE           	6222	0000	123
		__parse_command_short		CODE           	7294	0000	57

app_device_custom_hid.c estimated size: 1818

shared
		_verify_line1  		MEDIUMCONST    	8E09	0000	17
		_verify_line2  		MEDIUMCONST    	8E55	0000	14
		_verify_line3  		MEDIUMCONST    	8E8A	0000	8
		_configDescriptor1		MEDIUMCONST    	8EA7	0000	65
		_inq_resp      		MEDIUMCONST    	8F49	0000	37
		_USB_CD_Ptr    		MEDIUMCONST    	8EA5	0000	3
		_sd001         		MEDIUMCONST    	8EE7	0000	53
		_failed_line1  		MEDIUMCONST    	8DE9	0000	17
		_failed_line2  		MEDIUMCONST    	8D42	0000	19
		_failed_line4  		MEDIUMCONST    	8E6B	0000	9
		_sd002         		MEDIUMCONST    	8F1B	0000	47
		_found_line1   		MEDIUMCONST    	8E19	0000	17
		_found_line2   		MEDIUMCONST    	8D1D	0000	20
		_found_line3   		MEDIUMCONST    	8E98	0000	8
		_found_line4   		MEDIUMCONST    	8D54	0000	19
		_checked_line1 		MEDIUMCONST    	8DF9	0000	17
		_checked_line2 		MEDIUMCONST    	8CCD	0000	22
		_checked_line3 		MEDIUMCONST    	8E73	0000	9
		_checked_line4 		MEDIUMCONST    	8D66	0000	18
		_found_line3b  		MEDIUMCONST    	8E91	0000	8
		_failed_line3_checksum		MEDIUMCONST    	8E29	0000	16
		_failed_line3_startCode		MEDIUMCONST    	8D0A	0000	20
		_failed_line3_dataTooLong		MEDIUMCONST    	8E47	0000	15
		_sd003         		MEDIUMCONST    	8F8A	0000	27
		__initialization		CODE           	547C	0000	183
		_device_dsc    		MEDIUMCONST    	8FA4	0000	19
		_failed_line3_addressRange		MEDIUMCONST    	8CE2	0000	21
		_bootloader_filename		MEDIUMCONST    	8FB6	0000	10
		_bootloader_extension		MEDIUMCONST    	8FC7	0000	5
		_flash_command_pagesize_512		MEDIUMCONST    	8FC3	0000	5
		_flash_command_pagesize_528		MEDIUMCONST    	8FBF	0000	5
		_failed_line3_noNextRecord		MEDIUMCONST    	8E38	0000	16
		_done_line1    		MEDIUMCONST    	8DB9	0000	17
		_done_line2    		MEDIUMCONST    	8E9F	0000	7
		_done_line3    		MEDIUMCONST    	8DA9	0000	17
		_done_line4    		MEDIUMCONST    	8D99	0000	17
		_start_line1   		MEDIUMCONST    	8D88	0000	18
		_start_line2   		MEDIUMCONST    	8D77	0000	18
		_start_line3   		MEDIUMCONST    	8CF6	0000	21
		_start_line4   		MEDIUMCONST    	8E62	0000	10
		_USB_SD_Ptr    		MEDIUMCONST    	8E7B	0000	9
		_hid_rpt01     		MEDIUMCONST    	8F6D	0000	30
		_sd000         		MEDIUMCONST    	8FCB	0000	5
		_programming_line1		MEDIUMCONST    	8DD9	0000	17
		_programming_line2		MEDIUMCONST    	8D30	0000	19
		_programming_line3		MEDIUMCONST    	8E83	0000	8
		_programming_line4		MEDIUMCONST    	8DC9	0000	17

shared estimated size: 999

flash.c
		_flash_page_write		CODE           	6E2A	0000	75
		__flash_wakeup 		CODE           	6ABC	0000	87
		__flash_spi_tx 		CODE           	690A	0000	89
		_flash_init    		CODE           	6CAA	0000	79
		__flash_spi_tx_rx		CODE           	5C5E	0000	149
		__flash_spi_tx_tx		CODE           	5E0E	0000	141
		_flash_partial_read		CODE           	6314	0000	121
		_flash_is_busy 		CODE           	76BE	0000	35
		__flash_write_to_buffer		CODE           	6C5A	0000	81
		__flash_get_status		CODE           	7432	0000	51
		__flash_set_page_size		CODE           	61A8	0000	123
		__flash_write_page_from_buffer		CODE           	68B2	0000	89
		_flash_page_read		CODE           	7630	0000	39
		__flash_compare_page_to_buffer		CODE           	629C	0000	121

flash.c estimated size: 1280

C:\Program Files (x86)\Microchip\xc8\v1.42\sources\common\memset.c
		_memset        		CODE           	74EA	0000	45

C:\Program Files (x86)\Microchip\xc8\v1.42\sources\common\memset.c estimated size: 45

os.c
		_system_init   		CODE           	4A5C	0000	241
		_system_encoder_enable		CODE           	790E	0000	17
		__system_encoder_init		CODE           	6FDA	0000	69
		_timer_pseudo_isr		CODE           	7124	0000	65
		__system_timer0_init		CODE           	7700	0000	33

os.c estimated size: 425

usb_device.c
		_USBCtrlTrfInHandler		CODE           	4ED4	0000	221
		_USBTransferOnePacket		CODE           	456E	0000	259
		_USBStdGetDscHandler		CODE           	3A36	0000	329
		_USBCtrlEPAllowDataStage		CODE           	59F2	0000	165
		_USBStdFeatureReqHandler		CODE           	1FBA	0000	677
		_USBCtrlEPAllowStatusStage		CODE           	508A	0000	213
		_USBCtrlTrfSetupHandler		CODE           	55F4	0000	179
		_USBCtrlTrfOutHandler		CODE           	66E2	0000	101
		_USBCtrlEPServiceComplete		CODE           	435A	0000	271
		_USBSuspend    		CODE           	736A	0000	51
		_USBStdSetCfgHandler		CODE           	4B4C	0000	233
		_USBStdGetStatusHandler		CODE           	5538	0000	189
		_USBWakeFromSuspend		CODE           	725C	0000	57
		_USBStallEndpoint		CODE           	4468	0000	263
		_USBCtrlTrfRxService		CODE           	412C	0000	283
		_USBCtrlTrfTxService		CODE           	4D16	0000	227
		_USBEnableEndpoint		CODE           	7220	0000	61
		_USBConfigureEndpoint		CODE           	5BCA	0000	149
		_USBDeviceInit 		CODE           	377E	0000	359
		_USBIncrement1msInternalTimers		CODE           	75BC	0000	41
		_USBCtrlEPService		CODE           	5756	0000	173
		_USBStallHandler		CODE           	6F94	0000	71
		_USBDeviceTasks		CODE           	315C	0000	411
		_USBCheckStdRequest		CODE           	4968	0000	245

usb_device.c estimated size: 5228

display.c
		__display_found		CODE           	2DA8	0000	479
		__display_clear		CODE           	6E74	0000	73
		__display_start		CODE           	38E4	0000	339
		__display_itoa_u32		CODE           	103E	0000	879
		__display_itoa_u16		CODE           	52F8	0000	197
		__display_failed		CODE           	19D0	0000	759
		__display_verify		CODE           	3B7E	0000	301
		_display_update		CODE           	64DE	0000	107
		_display_prepare		CODE           	522C	0000	205
		_display_get_character		CODE           	7542	0000	43
		__display_checked		CODE           	348C	0000	381
		__display_done 		CODE           	3608	0000	375
		__display_programming		CODE           	2F86	0000	471

display.c estimated size: 4609

C:\Program Files (x86)\Microchip\xc8\v1.42\sources\common\lwmod.c
		___lwmod       		CODE           	7060	0000	67

C:\Program Files (x86)\Microchip\xc8\v1.42\sources\common\lwmod.c estimated size: 67

usb_events.c
		_USER_USB_CALLBACK_EVENT_HANDLER		CODE           	5E9A	0000	135

usb_events.c estimated size: 135

hex.c
		_hexCharToUint8		CODE           	74BE	0000	45
		_parseHexFileEntry		CODE           	0020	0000	1149
		_hexCharsToUint8		CODE           	773E	0000	29
		_hexCharsToUint16		CODE           	646E	0000	113

hex.c estimated size: 1336

C:\Program Files (x86)\Microchip\xc8\v1.42\sources\common\llmod.c
		___llmod       		CODE           	65B0	0000	103

C:\Program Files (x86)\Microchip\xc8\v1.42\sources\common\llmod.c estimated size: 103

internal_flash.c
		_internalFlash_pageFromAddress		CODE           	775A	0000	29
		_internalFlash_writePage		CODE           	60AC	0000	127
		_internalFlash_addressFromPage		CODE           	7464	0000	47
		_internalFlash_getBuffer		CODE           	799E	0000	11
		_internalFlash_addressWithinPage		CODE           	6746	0000	97
		_internalFlash_read		CODE           	72CC	0000	55
		__internalFlash_unlockAndActivate		CODE           	7594	0000	41
		_internalFlash_erasePage		CODE           	7336	0000	53
		_internalFlash_readPage		CODE           	70A2	0000	67

internal_flash.c estimated size: 527

main.c
		_normal_mode   		CODE           	6802	0000	89
		_main          		CODE           	4DF8	0000	221

main.c estimated size: 310

C:\Program Files (x86)\Microchip\xc8\v1.42\sources\common\itoa.c
		_itoa          		CODE           	701E	0000	67
		_utoa          		CODE           	594E	0000	165

C:\Program Files (x86)\Microchip\xc8\v1.42\sources\common\itoa.c estimated size: 232

fat16.c
		__sector_from_cluster		CODE           	793E	0000	15
		__get_data     		CODE           	756C	0000	41
		__read_fat     		CODE           	6EBC	0000	73
		__get_fbr      		CODE           	24EE	0000	617
		_fat_init      		CODE           	791E	0000	17
		__get_root     		CODE           	32F6	0000	407
		__read_root    		CODE           	685A	0000	89
		_fat_format    		CODE           	29B0	0000	511
		__get_fat      		CODE           	69BA	0000	87
		__get_mbr      		CODE           	515E	0000	207
		_fat_find_file 		CODE           	53BC	0000	193
		_fat_read_from_file		CODE           	2756	0000	603
		_fat_get_file_size		CODE           	638C	0000	115
		_fat_get_format_status		CODE           	58AA	0000	165

fat16.c estimated size: 3140

external_flash.c
		_ExternalFlash_MediaInitialize		CODE           	7720	0000	31
		_ExternalFlash_WriteProtectStateGet		CODE           	79D6	0000	5
		_ExternalFlash_MediaDetect		CODE           	79DA	0000	5
		_ExternalFlash_CapacityRead		CODE           	78FC	0000	19
		_ExternalFlash_SectorSizeRead		CODE           	79A8	0000	11
		_ExternalFlash_SectorWrite		CODE           	73CE	0000	51
		_ExternalFlash_SectorRead		CODE           	7400	0000	51

external_flash.c estimated size: 173

system.c
		_SYSTEM_Initialize		CODE           	6B12	0000	85

system.c estimated size: 85

usb_device_msd.c
		_ResetSenseData		CODE           	5F20	0000	135
		_USBMSDInit    		CODE           	4012	0000	283
		_MSDWriteHandler		CODE           	1CC6	0000	757
		_MSDErrorHandler		CODE           	3DD0	0000	291
		_MSDProcessCommandMediaAbsent		CODE           	6616	0000	103
		_MSDComputeDeviceInAndResidue		CODE           	5802	0000	169
		_MSDReadHandler		CODE           	2BAE	0000	507
		_MSDCheckForErrorCases		CODE           	4670	0000	257
		_MSDProcessCommand		CODE           	3EF2	0000	289
		_MSDTasks      		CODE           	225E	0000	657
		_MSDTransferTerminated		CODE           	6A66	0000	87
		_MSDProcessCommandMediaPresent		CODE           	0892	0000	1007
		_USBCheckMSDRequest		CODE           	4C34	0000	227

usb_device_msd.c estimated size: 4769

